[2026-09-03T13:32:59.132Z] GET http://localhost:8501/ → 200 (3ms, 11141B)
[2026-09-03T13:32:59.173Z] GET http://localhost:8501/static/media/SourceSansVF-Upright.ttf.BsWL4Kly.woff2 → 200 (53ms, 170188B)
[2026-09-03T13:32:59.174Z] GET http://localhost:8501/static/js/index.dZusM_HY.js → 200 (52ms, 451569B)
[2026-09-03T13:32:59.195Z] GET http://localhost:8501/static/js/rolldown-runtime.C0FnF6B9.js → 200 (27ms, 1291B)
[2026-09-03T13:32:59.201Z] GET http://localhost:8501/static/js/emotion-is-prop-valid.esm.CuYlOKOk.js → 200 (22ms, 10871B)
[2026-09-03T13:32:59.201Z] GET http://localhost:8501/static/js/emotion-styled.browser.esm.BYv_Qzcq.js → 200 (24ms, 21904B)
[2026-09-03T13:32:59.201Z] GET http://localhost:8501/static/js/loglevel.xXLtmX_e.js → 200 (24ms, 3257B)
[2026-09-03T13:32:59.202Z] GET http://localhost:8501/static/js/react-dom.BzV73oHg.js → 200 (57ms, 132699B)
[2026-09-03T13:32:59.202Z] GET http://localhost:8501/static/js/emotion-react.browser.esm.CnqdHrzD.js → 200 (37ms, 1451B)
[2026-09-03T13:32:59.202Z] GET http://localhost:8501/static/js/protobuf.Ckf-kxfD.js → 200 (34ms, 786335B)
[2026-09-03T13:32:59.202Z] GET http://localhost:8501/static/js/types.cZoyy9Y-.js → 200 (52ms, 75B)
[2026-09-03T13:32:59.202Z] GET http://localhost:8501/static/js/isSymbol.CmW3dkoN.js → 200 (69ms, 750B)
[2026-09-03T13:32:59.202Z] GET http://localhost:8501/static/js/isArrayLike.Crw2F5li.js → 200 (73ms, 668B)
[2026-09-03T13:32:59.202Z] GET http://localhost:8501/static/js/toString.tRXNBxtF.js → 200 (71ms, 419B)
[2026-09-03T13:32:59.202Z] GET http://localhost:8501/static/js/_isIterateeCall.BUStsXAd.js → 200 (82ms, 854B)
[2026-09-03T13:32:59.203Z] GET http://localhost:8501/static/js/isArrayLikeObject.B3Zf3PTL.js → 200 (100ms, 9715B)
[2026-09-03T13:32:59.203Z] GET http://localhost:8501/static/js/_baseClone.Bcnb-YL-.js → 200 (101ms, 4965B)
[2026-09-03T13:32:59.203Z] GET http://localhost:8501/static/js/merge.CV9itYNj.js → 200 (106ms, 1820B)
[2026-09-03T13:32:59.203Z] GET http://localhost:8501/static/js/getColors.DtAxY2Hd.js → 200 (116ms, 15857B)
[2026-09-03T13:32:59.203Z] GET http://localhost:8501/static/js/utils.Vs712G4Z.js → 200 (122ms, 45944B)
[2026-09-03T13:32:59.203Z] GET http://localhost:8501/static/js/uri.UNMuXGg5.js → 200 (124ms, 104B)
[2026-09-03T13:32:59.204Z] GET http://localhost:8501/static/js/_baseFlatten.IOj0lc7G.js → 200 (136ms, 386B)
[2026-09-03T13:32:59.204Z] GET http://localhost:8501/static/js/last.DfjdtCRp.js → 200 (137ms, 284B)
[2026-09-03T13:32:59.204Z] GET http://localhost:8501/static/js/UriUtil.FYzIdBsL.js → 200 (150ms, 19051B)
[2026-09-03T13:32:59.204Z] GET http://localhost:8501/static/js/useCrossOriginAttribute.K-ObP1Bx.js → 200 (159ms, 267B)
[2026-09-03T13:32:59.204Z] GET http://localhost:8501/static/js/useEmotionTheme.Dmt_qJ4x.js → 200 (159ms, 85B)
[2026-09-03T13:32:59.204Z] GET http://localhost:8501/static/js/useFloatingOverlay.Cpeg7fG2.js → 200 (168ms, 41887B)
[2026-09-03T13:32:59.204Z] GET http://localhost:8501/static/js/Tooltip.CcubhKj6.js → 200 (183ms, 38361B)
[2026-09-03T13:32:59.204Z] GET http://localhost:8501/static/js/lib.DaUKNU-6.js → 200 (180ms, 1601B)
[2026-09-03T13:32:59.204Z] GET http://localhost:8501/static/js/lib.DuoFSfCJ.js → 200 (192ms, 1362B)
[2026-09-03T13:32:59.205Z] GET http://localhost:8501/static/js/lib.CMmWlZtt.js → 200 (201ms, 3222B)
[2026-09-03T13:32:59.205Z] GET http://localhost:8501/static/js/space-separated-tokens.BqhiSyze.js → 200 (202ms, 19061B)
[2026-09-03T13:32:59.205Z] GET http://localhost:8501/static/js/ErrorElement.Bn6KKjq6.js → 200 (209ms, 6924B)
[2026-09-03T13:32:59.205Z] GET http://localhost:8501/static/js/preload-helper.HclGiUj8.js → 200 (224ms, 1211B)
[2026-09-03T13:32:59.205Z] GET http://localhost:8501/static/js/StreamlitMarkdown.BYA62LKI.js → 200 (243ms, 222855B)
[2026-09-03T13:32:59.205Z] GET http://localhost:8501/static/js/_baseIsEqual.sdZCjgvS.js → 200 (240ms, 3361B)
[2026-09-03T13:32:59.205Z] GET http://localhost:8501/static/js/_baseProperty.BV6HSwpm.js → 200 (247ms, 63B)
[2026-09-03T13:32:59.205Z] GET http://localhost:8501/static/js/_baseEach.PLhpSRgM.js → 200 (249ms, 1823B)
[2026-09-03T13:32:59.205Z] GET http://localhost:8501/static/js/isEqual.CgNOpGTC.js → 200 (258ms, 87B)
[2026-09-03T13:32:59.205Z] GET http://localhost:8501/static/js/pick.CbtWtxHL.js → 200 (266ms, 760B)
[2026-09-03T13:32:59.205Z] GET http://localhost:8501/static/js/classnames.CRvvUuc_.js → 200 (274ms, 755B)
[2026-09-03T13:32:59.205Z] GET http://localhost:8501/static/js/utils.C5rmUD0V.js → 200 (276ms, 752B)
[2026-09-03T13:32:59.206Z] GET http://localhost:8501/static/js/FlexContext.CiIL1cCY.js → 200 (295ms, 698B)
[2026-09-03T13:32:59.206Z] GET http://localhost:8501/static/js/index.esm.BUFMYQEK.js → 200 (293ms, 2645B)
[2026-09-03T13:32:59.206Z] GET http://localhost:8501/static/js/extends.To_WgASY.js → 200 (296ms, 231B)
[2026-09-03T13:32:59.206Z] GET http://localhost:8501/static/js/Close.esm.C9UX1nP9.js → 200 (310ms, 1144B)
[2026-09-03T13:32:59.206Z] GET http://localhost:8501/static/js/Icon.BwNwD-ho.js → 200 (314ms, 2492B)
[2026-09-03T13:32:59.206Z] GET http://localhost:8501/static/js/DynamicIcon.qdIiJ9dI.js → 200 (322ms, 3060B)
[2026-09-03T13:32:59.206Z] GET http://localhost:8501/static/js/useFocusRing.DKgtHVTa.js → 200 (353ms, 9807B)
[2026-09-03T13:32:59.206Z] GET http://localhost:8501/static/js/useDescription.D44v6Ed8.js → 200 (352ms, 3475B)
[2026-09-03T13:32:59.206Z] GET http://localhost:8501/static/js/useFocusable.BMuUTJBc.js → 200 (353ms, 662B)
[2026-09-03T13:32:59.206Z] GET http://localhost:8501/static/js/Hidden.tKmNEkoU.js → 200 (356ms, 1176B)
[2026-09-03T13:32:59.206Z] GET http://localhost:8501/static/js/shim.BbyJgaa_.js → 200 (357ms, 884B)
[2026-09-03T13:32:59.206Z] GET http://localhost:8501/static/js/textSelection.DgmAmjoW.js → 200 (369ms, 977B)
[2026-09-03T13:32:59.206Z] GET http://localhost:8501/static/js/usePress.efhlSQnF.js → 200 (393ms, 8078B)
[2026-09-03T13:32:59.206Z] GET http://localhost:8501/static/js/FocusScope.iQ9jRcfz.js → 200 (395ms, 13363B)
[2026-09-03T13:32:59.206Z] GET http://localhost:8501/static/js/useCollection.ChFCPfFU.js → 200 (409ms, 40518B)
[2026-09-03T13:32:59.206Z] GET http://localhost:8501/static/js/useLabel.DizWobrd.js → 200 (412ms, 724B)
[2026-09-03T13:32:59.206Z] GET http://localhost:8501/static/js/getScrollParent.DcXPel1L.js → 200 (413ms, 4025B)
[2026-09-03T13:32:59.206Z] GET http://localhost:8501/static/js/SharedElementTransition.D-H-TuM3.js → 200 (414ms, 1971B)
[2026-09-03T13:32:59.207Z] GET http://localhost:8501/static/js/SelectionIndicator.Bj4Tikfi.js → 200 (439ms, 1706B)
[2026-09-03T13:32:59.207Z] GET http://localhost:8501/static/js/NumberFormatter.CHYrjPj-.js → 200 (441ms, 2672B)
[2026-09-03T13:32:59.207Z] GET http://localhost:8501/static/js/useNumberFormatter.C74S3dgX.js → 200 (436ms, 310B)
[2026-09-03T13:32:59.207Z] GET http://localhost:8501/static/js/ProgressBar.Dnq9p48R.js → 200 (445ms, 1399B)
[2026-09-03T13:32:59.207Z] GET http://localhost:8501/static/js/Text.CLxOerZw.js → 200 (449ms, 163B)
[2026-09-03T13:32:59.207Z] GET http://localhost:8501/static/js/VisuallyHidden.BzpdCoAc.js → 200 (452ms, 731B)
[2026-09-03T13:32:59.207Z] GET http://localhost:8501/static/js/extends.CvVTau-c.js → 200 (483ms, 231B)
[2026-09-03T13:32:59.207Z] GET http://localhost:8501/static/js/KeyboardArrowDown.esm.CTwXU0Q8.js → 200 (486ms, 16112B)
[2026-09-03T13:32:59.207Z] GET http://localhost:8501/static/js/useFormValidation.BcvRvPA1.js → 200 (485ms, 4105B)
[2026-09-03T13:32:59.207Z] GET http://localhost:8501/static/js/useFormReset.Dm_0HjET.js → 200 (489ms, 372B)
[2026-09-03T13:32:59.207Z] GET http://localhost:8501/static/js/useSlot.BgZLzoY2.js → 200 (493ms, 412B)
[2026-09-03T13:32:59.207Z] GET http://localhost:8501/static/js/useToggleState.RbyUIfC3.js → 200 (502ms, 422B)
[2026-09-03T13:32:59.207Z] GET http://localhost:8501/static/js/styled-components.3il69GG_.js → pending (?ms, ?B)
[2026-09-03T13:32:59.207Z] GET http://localhost:8501/static/js/toastQueue.CeWtco9l.js → pending (?ms, ?B)
[2026-09-03T13:32:59.207Z] GET http://localhost:8501/static/js/styled-components.BjKbfR5p.js → pending (?ms, ?B)
[2026-09-03T13:32:59.207Z] GET http://localhost:8501/static/js/BaseButton.eTlHCX_j.js → pending (?ms, ?B)
[2026-09-03T13:32:59.207Z] GET http://localhost:8501/static/js/useExecuteWhenChanged.1O5Ch07q.js → pending (?ms, ?B)
[2026-09-03T13:32:59.207Z] GET http://localhost:8501/static/js/FormClearHelper.G2WY61Ig.js → pending (?ms, ?B)
[2026-09-03T13:32:59.218Z] GET http://localhost:8501/static/js/useWidgetManagerElementState.pqPEebW5.js → pending (?ms, ?B)
[2026-09-03T13:32:59.219Z] GET http://localhost:8501/static/js/useTimeout.DgWF0Nme.js → pending (?ms, ?B)
[2026-09-03T13:32:59.219Z] GET http://localhost:8501/static/js/constants.M-X9ULkd.js → pending (?ms, ?B)
[2026-09-03T13:32:59.219Z] GET http://localhost:8501/static/js/BaseButtonTooltip.B83DZSNb.js → pending (?ms, ?B)
[2026-09-03T13:32:59.219Z] GET http://localhost:8501/static/js/useLabelTitleTooltip.VS7apAPP.js → pending (?ms, ?B)
[2026-09-03T13:32:59.219Z] GET http://localhost:8501/static/js/DynamicButtonLabel.BTjDBnmI.js → pending (?ms, ?B)
[2026-09-03T13:32:59.219Z] GET http://localhost:8501/static/js/useResolvedWrap.DnjqnyWR.js → pending (?ms, ?B)
[2026-09-03T13:32:59.219Z] GET http://localhost:8501/static/js/useResizeObserver.3kyCQ1g6.js → pending (?ms, ?B)
[2026-09-03T13:32:59.219Z] GET http://localhost:8501/static/js/useCalculatedDimensions.DmyA6xJn.js → pending (?ms, ?B)
[2026-09-03T13:32:59.219Z] GET http://localhost:8501/static/js/FormsContext.C6bVDc7u.js → pending (?ms, ?B)
[2026-09-03T13:32:59.219Z] GET http://localhost:8501/static/js/AlertElement.jnyaBsKJ.js → pending (?ms, ?B)
[2026-09-03T13:32:59.219Z] GET http://localhost:8501/static/js/useCopyToClipboard.C-ywP4Jl.js → pending (?ms, ?B)
[2026-09-03T13:32:59.219Z] GET http://localhost:8501/static/js/katex.min.CvAXSeo_.js → pending (?ms, ?B)
[2026-09-03T13:32:59.219Z] GET http://localhost:8501/static/js/useRequiredContext.DBsQavvD.js → pending (?ms, ?B)
[2026-09-03T13:32:59.219Z] GET http://localhost:8501/static/js/ViewStateContext.BWrgx8uF.js → pending (?ms, ?B)
[2026-09-03T13:32:59.219Z] GET http://localhost:8501/static/js/BackendOperationContext.BhY2-GLf.js → pending (?ms, ?B)
[2026-09-03T13:32:59.219Z] GET http://localhost:8501/static/js/NavigationContext.4T7w2rIe.js → pending (?ms, ?B)
[2026-09-03T13:32:59.219Z] GET http://localhost:8501/static/js/src.D7mXJKB_.js → pending (?ms, ?B)
[2026-09-03T13:32:59.219Z] GET http://localhost:8501/static/js/styled-components.C8Nbdcp-.js → pending (?ms, ?B)
[2026-09-03T13:32:59.219Z] GET http://localhost:8501/static/js/PortalContext.DiHTlKpY.js → pending (?ms, ?B)
[2026-09-03T13:32:59.219Z] GET http://localhost:8501/static/js/Check.esm.tHOxRXBO.js → pending (?ms, ?B)
[2026-09-03T13:32:59.219Z] GET http://localhost:8501/static/js/ContentCopy.esm.Ccfy7DwA.js → pending (?ms, ?B)
[2026-09-03T13:32:59.219Z] GET http://localhost:8501/static/js/Toolbar.C5O8pUCg.js → pending (?ms, ?B)
[2026-09-03T13:32:59.219Z] GET http://localhost:8501/static/js/CodeBlockCopyToolbar.B63lmxFm.js → pending (?ms, ?B)
[2026-09-03T13:32:59.219Z] GET http://localhost:8501/static/js/isMobile.BrviDGEH.js → pending (?ms, ?B)
[2026-09-03T13:32:59.220Z] GET http://localhost:8501/static/js/useWindowDimensionsContext.Bq7b7Xl1.js → pending (?ms, ?B)
[2026-09-03T13:32:59.220Z] GET http://localhost:8501/static/js/v4.DDdyfk2q.js → pending (?ms, ?B)
[2026-09-03T13:32:59.220Z] GET http://localhost:8501/static/js/useOverlayDismissal.Pckd1piy.js → pending (?ms, ?B)
[2026-09-03T13:32:59.220Z] GET http://localhost:8501/static/js/useScrollbarGutterSize.Dz-mAUy7.js → pending (?ms, ?B)
[2026-09-03T13:32:59.220Z] GET http://localhost:8501/static/js/ErrorHandling.H5STbbYb.js → pending (?ms, ?B)
[2026-09-03T13:32:59.220Z] GET http://localhost:8501/static/js/ResizeObserver.es.B3NkmA6c.js → pending (?ms, ?B)
[2026-09-03T13:32:59.220Z] GET http://localhost:8501/static/js/query-string.CE9hiqqO.js → pending (?ms, ?B)
[2026-09-03T13:32:59.220Z] GET http://localhost:8501/static/js/lib.BQWveI8K.js → pending (?ms, ?B)
[2026-09-03T13:32:59.220Z] GET http://localhost:8501/static/js/extends.SdklyJLW.js → pending (?ms, ?B)
[2026-09-03T13:32:59.220Z] GET http://localhost:8501/static/css/katex.CAfVENUR.css → 200 (3ms, 28894B)
[2026-09-03T13:32:59.220Z] GET http://localhost:8501/static/css/index.DHyCV7PK.css → 200 (3ms, 1069B)
[2026-09-03T13:33:00.077Z] GET http://localhost:8501/_stcore/health → 200 (1ms, 2B)
[2026-09-03T13:33:00.077Z] GET http://localhost:8501/_stcore/host-config → 200 (1ms, 687B)
[2026-09-03T13:33:00.144Z] GET https://data.streamlit.io/metrics.json → 200 (503ms, 496B)
[2026-09-03T13:33:00.484Z] GET http://localhost:8501/static/media/SourceCodeVF-Upright.ttf.BjWn63N-.woff2 → 200 (7ms, 90124B)
[2026-09-03T13:33:00.651Z] POST https://webhooks.fivetran.com/webhooks/615b5e5c-9fde-4c75-a034-f642dba74c1f → pending (?ms, ?B)
[2026-09-03T13:33:00.651Z] POST https://webhooks.fivetran.com/webhooks/615b5e5c-9fde-4c75-a034-f642dba74c1f → pending (?ms, ?B)
[2026-09-03T13:33:00.651Z] POST https://webhooks.fivetran.com/webhooks/615b5e5c-9fde-4c75-a034-f642dba74c1f → pending (?ms, ?B)
[2026-09-03T13:33:57.847Z] GET http://localhost:8501/ → 200 (3ms, ?B)
[2026-09-03T13:33:57.863Z] GET http://localhost:8501/static/media/SourceSansVF-Upright.ttf.BsWL4Kly.woff2 → 200 (?ms, -285B)
[2026-09-03T13:33:57.864Z] GET http://localhost:8501/static/js/index.dZusM_HY.js → 200 (?ms, -297B)
[2026-09-03T13:33:57.864Z] GET http://localhost:8501/static/js/rolldown-runtime.C0FnF6B9.js → 200 (?ms, -295B)
[2026-09-03T13:33:57.864Z] GET http://localhost:8501/static/js/emotion-is-prop-valid.esm.CuYlOKOk.js → 200 (?ms, -296B)
[2026-09-03T13:33:57.864Z] GET http://localhost:8501/static/js/emotion-styled.browser.esm.BYv_Qzcq.js → 200 (?ms, -296B)
[2026-09-03T13:33:57.864Z] GET http://localhost:8501/static/js/loglevel.xXLtmX_e.js → 200 (?ms, -295B)
[2026-09-03T13:33:57.865Z] GET http://localhost:8501/static/js/react-dom.BzV73oHg.js → 200 (?ms, -297B)
[2026-09-03T13:33:57.865Z] GET http://localhost:8501/static/js/emotion-react.browser.esm.CnqdHrzD.js → 200 (?ms, -295B)
[2026-09-03T13:33:57.865Z] GET http://localhost:8501/static/js/protobuf.Ckf-kxfD.js → 200 (?ms, -297B)
[2026-09-03T13:33:57.865Z] GET http://localhost:8501/static/js/types.cZoyy9Y-.js → 200 (?ms, -293B)
[2026-09-03T13:33:57.865Z] GET http://localhost:8501/static/js/isSymbol.CmW3dkoN.js → 200 (?ms, -294B)
[2026-09-03T13:33:57.865Z] GET http://localhost:8501/static/js/isArrayLike.Crw2F5li.js → 200 (?ms, -294B)
[2026-09-03T13:33:57.865Z] GET http://localhost:8501/static/js/toString.tRXNBxtF.js → 200 (?ms, -294B)
[2026-09-03T13:33:57.865Z] GET http://localhost:8501/static/js/_isIterateeCall.BUStsXAd.js → 200 (?ms, -294B)
[2026-09-03T13:33:57.866Z] GET http://localhost:8501/static/js/isArrayLikeObject.B3Zf3PTL.js → 200 (?ms, -295B)
[2026-09-03T13:33:57.866Z] GET http://localhost:8501/static/js/_baseClone.Bcnb-YL-.js → 200 (?ms, -295B)
[2026-09-03T13:33:57.866Z] GET http://localhost:8501/static/js/merge.CV9itYNj.js → 200 (?ms, -295B)
[2026-09-03T13:33:57.866Z] GET http://localhost:8501/static/js/getColors.DtAxY2Hd.js → 200 (?ms, -296B)
[2026-09-03T13:33:57.866Z] GET http://localhost:8501/static/js/utils.Vs712G4Z.js → 200 (?ms, -296B)
[2026-09-03T13:33:57.866Z] GET http://localhost:8501/static/js/uri.UNMuXGg5.js → 200 (?ms, -294B)
[2026-09-03T13:33:57.866Z] GET http://localhost:8501/static/js/_baseFlatten.IOj0lc7G.js → 200 (?ms, -294B)
[2026-09-03T13:33:57.866Z] GET http://localhost:8501/static/js/last.DfjdtCRp.js → 200 (?ms, -294B)
[2026-09-03T13:33:57.866Z] GET http://localhost:8501/static/js/UriUtil.FYzIdBsL.js → 200 (3ms, -296B)
[2026-09-03T13:33:57.870Z] GET http://localhost:8501/static/js/useCrossOriginAttribute.K-ObP1Bx.js → 200 (?ms, -294B)
[2026-09-03T13:33:57.870Z] GET http://localhost:8501/static/js/useEmotionTheme.Dmt_qJ4x.js → 200 (?ms, -293B)
[2026-09-03T13:33:57.870Z] GET http://localhost:8501/static/js/useFloatingOverlay.Cpeg7fG2.js → 200 (?ms, -296B)
[2026-09-03T13:33:57.870Z] GET http://localhost:8501/static/js/Tooltip.CcubhKj6.js → 200 (?ms, -296B)
[2026-09-03T13:33:57.870Z] GET http://localhost:8501/static/js/lib.DaUKNU-6.js → 200 (?ms, -295B)
[2026-09-03T13:33:57.870Z] GET http://localhost:8501/static/js/lib.DuoFSfCJ.js → 200 (?ms, -295B)
[2026-09-03T13:33:57.870Z] GET http://localhost:8501/static/js/lib.CMmWlZtt.js → 200 (?ms, -295B)
[2026-09-03T13:33:57.870Z] GET http://localhost:8501/static/js/space-separated-tokens.BqhiSyze.js → 200 (?ms, -296B)
[2026-09-03T13:33:57.870Z] GET http://localhost:8501/static/js/ErrorElement.Bn6KKjq6.js → 200 (?ms, -295B)
[2026-09-03T13:33:57.870Z] GET http://localhost:8501/static/js/preload-helper.HclGiUj8.js → 200 (?ms, -295B)
[2026-09-03T13:33:57.870Z] GET http://localhost:8501/static/js/StreamlitMarkdown.BYA62LKI.js → 200 (?ms, -297B)
[2026-09-03T13:33:57.871Z] GET http://localhost:8501/static/js/_baseIsEqual.sdZCjgvS.js → 200 (?ms, -295B)
[2026-09-03T13:33:57.871Z] GET http://localhost:8501/static/js/_baseProperty.BV6HSwpm.js → 200 (?ms, -293B)
[2026-09-03T13:33:57.871Z] GET http://localhost:8501/static/js/_baseEach.PLhpSRgM.js → 200 (?ms, -295B)
[2026-09-03T13:33:57.871Z] GET http://localhost:8501/static/js/isEqual.CgNOpGTC.js → 200 (?ms, -293B)
[2026-09-03T13:33:57.871Z] GET http://localhost:8501/static/js/pick.CbtWtxHL.js → 200 (?ms, -294B)
[2026-09-03T13:33:57.871Z] GET http://localhost:8501/static/js/classnames.CRvvUuc_.js → 200 (?ms, -294B)
[2026-09-03T13:33:57.871Z] GET http://localhost:8501/static/js/utils.C5rmUD0V.js → 200 (?ms, -294B)
[2026-09-03T13:33:57.871Z] GET http://localhost:8501/static/js/FlexContext.CiIL1cCY.js → 200 (?ms, -294B)
[2026-09-03T13:33:57.871Z] GET http://localhost:8501/static/js/index.esm.BUFMYQEK.js → 200 (?ms, -295B)
[2026-09-03T13:33:57.872Z] GET http://localhost:8501/static/js/extends.To_WgASY.js → 200 (?ms, -294B)
[2026-09-03T13:33:57.872Z] GET http://localhost:8501/static/js/Close.esm.C9UX1nP9.js → 200 (15ms, -295B)
[2026-09-03T13:33:57.887Z] GET http://localhost:8501/static/js/Icon.BwNwD-ho.js → 200 (?ms, -295B)
[2026-09-03T13:33:57.887Z] GET http://localhost:8501/static/js/DynamicIcon.qdIiJ9dI.js → 200 (?ms, -295B)
[2026-09-03T13:33:57.887Z] GET http://localhost:8501/static/js/useFocusRing.DKgtHVTa.js → 200 (?ms, -295B)
[2026-09-03T13:33:57.887Z] GET http://localhost:8501/static/js/useDescription.D44v6Ed8.js → 200 (?ms, -295B)
[2026-09-03T13:33:57.887Z] GET http://localhost:8501/static/js/useFocusable.BMuUTJBc.js → 200 (?ms, -294B)
[2026-09-03T13:33:57.887Z] GET http://localhost:8501/static/js/Hidden.tKmNEkoU.js → 200 (?ms, -295B)
[2026-09-03T13:33:57.887Z] GET http://localhost:8501/static/js/shim.BbyJgaa_.js → 200 (1ms, -294B)
[2026-09-03T13:33:57.888Z] GET http://localhost:8501/static/js/textSelection.DgmAmjoW.js → 200 (?ms, -294B)
[2026-09-03T13:33:57.888Z] GET http://localhost:8501/static/js/usePress.efhlSQnF.js → 200 (?ms, -295B)
[2026-09-03T13:33:57.888Z] GET http://localhost:8501/static/js/FocusScope.iQ9jRcfz.js → 200 (?ms, -296B)
[2026-09-03T13:33:57.888Z] GET http://localhost:8501/static/js/useCollection.ChFCPfFU.js → 200 (?ms, -296B)
[2026-09-03T13:33:57.888Z] GET http://localhost:8501/static/js/useLabel.DizWobrd.js → 200 (?ms, -294B)
[2026-09-03T13:33:57.888Z] GET http://localhost:8501/static/js/getScrollParent.DcXPel1L.js → 200 (?ms, -295B)
[2026-09-03T13:33:57.888Z] GET http://localhost:8501/static/js/SharedElementTransition.D-H-TuM3.js → 200 (?ms, -295B)
[2026-09-03T13:33:57.888Z] GET http://localhost:8501/static/js/SelectionIndicator.Bj4Tikfi.js → 200 (?ms, -295B)
[2026-09-03T13:33:57.888Z] GET http://localhost:8501/static/js/NumberFormatter.CHYrjPj-.js → 200 (?ms, -295B)
[2026-09-03T13:33:57.888Z] GET http://localhost:8501/static/js/useNumberFormatter.C74S3dgX.js → 200 (?ms, -294B)
[2026-09-03T13:33:57.888Z] GET http://localhost:8501/static/js/ProgressBar.Dnq9p48R.js → 200 (?ms, -295B)
[2026-09-03T13:33:57.888Z] GET http://localhost:8501/static/js/Text.CLxOerZw.js → 200 (?ms, -294B)
[2026-09-03T13:33:57.888Z] GET http://localhost:8501/static/js/VisuallyHidden.BzpdCoAc.js → 200 (?ms, -294B)
[2026-09-03T13:33:57.889Z] GET http://localhost:8501/static/js/extends.CvVTau-c.js → 200 (?ms, -294B)
[2026-09-03T13:33:57.889Z] GET http://localhost:8501/static/js/KeyboardArrowDown.esm.CTwXU0Q8.js → 200 (?ms, -296B)
[2026-09-03T13:33:57.893Z] GET http://localhost:8501/static/js/useFormValidation.BcvRvPA1.js → 200 (?ms, -295B)
[2026-09-03T13:33:57.893Z] GET http://localhost:8501/static/js/useFormReset.Dm_0HjET.js → 200 (?ms, -294B)
[2026-09-03T13:33:57.894Z] GET http://localhost:8501/static/js/useSlot.BgZLzoY2.js → 200 (?ms, -294B)
[2026-09-03T13:33:57.894Z] GET http://localhost:8501/static/js/useToggleState.RbyUIfC3.js → 200 (?ms, -294B)
[2026-09-03T13:33:57.894Z] GET http://localhost:8501/static/js/styled-components.3il69GG_.js → 200 (?ms, -296B)
[2026-09-03T13:33:57.894Z] GET http://localhost:8501/static/js/toastQueue.CeWtco9l.js → 200 (?ms, -295B)
[2026-09-03T13:33:57.894Z] GET http://localhost:8501/static/js/styled-components.BjKbfR5p.js → 200 (?ms, -296B)
[2026-09-03T13:33:57.894Z] GET http://localhost:8501/static/js/BaseButton.eTlHCX_j.js → 200 (?ms, -295B)
[2026-09-03T13:33:57.894Z] GET http://localhost:8501/static/js/useExecuteWhenChanged.1O5Ch07q.js → 200 (?ms, -294B)
[2026-09-03T13:33:57.894Z] GET http://localhost:8501/static/js/FormClearHelper.G2WY61Ig.js → 200 (?ms, -294B)
[2026-09-03T13:33:57.895Z] GET http://localhost:8501/static/js/useWidgetManagerElementState.pqPEebW5.js → 200 (?ms, -294B)
[2026-09-03T13:33:57.895Z] GET http://localhost:8501/static/js/useTimeout.DgWF0Nme.js → 200 (?ms, -294B)
[2026-09-03T13:33:57.895Z] GET http://localhost:8501/static/js/constants.M-X9ULkd.js → 200 (?ms, -293B)
[2026-09-03T13:33:57.895Z] GET http://localhost:8501/static/js/BaseButtonTooltip.B83DZSNb.js → 200 (?ms, -294B)
[2026-09-03T13:33:57.895Z] GET http://localhost:8501/static/js/useLabelTitleTooltip.VS7apAPP.js → 200 (?ms, -294B)
[2026-09-03T13:33:57.895Z] GET http://localhost:8501/static/js/DynamicButtonLabel.BTjDBnmI.js → 200 (?ms, -296B)
[2026-09-03T13:33:57.895Z] GET http://localhost:8501/static/js/useResolvedWrap.DnjqnyWR.js → 200 (?ms, -294B)
[2026-09-03T13:33:57.895Z] GET http://localhost:8501/static/js/useResizeObserver.3kyCQ1g6.js → 200 (?ms, -295B)
[2026-09-03T13:33:57.896Z] GET http://localhost:8501/static/js/useCalculatedDimensions.DmyA6xJn.js → 200 (?ms, -294B)
[2026-09-03T13:33:57.896Z] GET http://localhost:8501/static/js/FormsContext.C6bVDc7u.js → 200 (?ms, -294B)
[2026-09-03T13:33:57.896Z] GET http://localhost:8501/static/js/AlertElement.jnyaBsKJ.js → 200 (6ms, -295B)
[2026-09-03T13:33:57.902Z] GET http://localhost:8501/static/js/useCopyToClipboard.C-ywP4Jl.js → 200 (?ms, -294B)
[2026-09-03T13:33:57.902Z] GET http://localhost:8501/static/js/katex.min.CvAXSeo_.js → 200 (?ms, -293B)
[2026-09-03T13:33:57.902Z] GET http://localhost:8501/static/js/useRequiredContext.DBsQavvD.js → 200 (?ms, -294B)
[2026-09-03T13:33:57.902Z] GET http://localhost:8501/static/js/ViewStateContext.BWrgx8uF.js → 200 (?ms, -294B)
[2026-09-03T13:33:57.902Z] GET http://localhost:8501/static/js/BackendOperationContext.BhY2-GLf.js → 200 (?ms, -294B)
[2026-09-03T13:33:57.902Z] GET http://localhost:8501/static/js/NavigationContext.4T7w2rIe.js → 200 (?ms, -294B)
[2026-09-03T13:33:57.902Z] GET http://localhost:8501/static/js/src.D7mXJKB_.js → 200 (?ms, -293B)
[2026-09-03T13:33:57.902Z] GET http://localhost:8501/static/js/styled-components.C8Nbdcp-.js → 200 (1ms, -294B)
[2026-09-03T13:33:57.903Z] GET http://localhost:8501/static/js/PortalContext.DiHTlKpY.js → 200 (?ms, -294B)
[2026-09-03T13:33:57.903Z] GET http://localhost:8501/static/js/Check.esm.tHOxRXBO.js → 200 (?ms, -294B)
[2026-09-03T13:33:57.903Z] GET http://localhost:8501/static/js/ContentCopy.esm.Ccfy7DwA.js → 200 (?ms, -294B)
[2026-09-03T13:33:57.903Z] GET http://localhost:8501/static/js/Toolbar.C5O8pUCg.js → 200 (?ms, -295B)
[2026-09-03T13:33:57.903Z] GET http://localhost:8501/static/js/CodeBlockCopyToolbar.B63lmxFm.js → 200 (?ms, -294B)
[2026-09-03T13:33:57.903Z] GET http://localhost:8501/static/js/isMobile.BrviDGEH.js → 200 (?ms, -296B)
[2026-09-03T13:33:57.903Z] GET http://localhost:8501/static/js/useWindowDimensionsContext.Bq7b7Xl1.js → 200 (?ms, -294B)
[2026-09-03T13:33:57.903Z] GET http://localhost:8501/static/js/v4.DDdyfk2q.js → 200 (?ms, -294B)
[2026-09-03T13:33:57.903Z] GET http://localhost:8501/static/js/useOverlayDismissal.Pckd1piy.js → 200 (?ms, -295B)
[2026-09-03T13:33:57.903Z] GET http://localhost:8501/static/js/useScrollbarGutterSize.Dz-mAUy7.js → 200 (?ms, -294B)
[2026-09-03T13:33:57.903Z] GET http://localhost:8501/static/js/ErrorHandling.H5STbbYb.js → 200 (1ms, -293B)
[2026-09-03T13:33:57.904Z] GET http://localhost:8501/static/js/ResizeObserver.es.B3NkmA6c.js → 200 (3ms, -295B)
[2026-09-03T13:33:57.907Z] GET http://localhost:8501/static/js/query-string.CE9hiqqO.js → 200 (1ms, -295B)
[2026-09-03T13:33:57.908Z] GET http://localhost:8501/static/js/lib.BQWveI8K.js → 200 (?ms, -296B)
[2026-09-03T13:33:57.908Z] GET http://localhost:8501/static/js/extends.SdklyJLW.js → 200 (?ms, -294B)
[2026-09-03T13:33:57.908Z] GET http://localhost:8501/static/css/katex.CAfVENUR.css → 200 (?ms, -297B)
[2026-09-03T13:33:57.908Z] GET http://localhost:8501/static/css/index.DHyCV7PK.css → 200 (?ms, -296B)
[2026-09-03T13:33:57.908Z] GET http://localhost:8501/static/media/SourceCodeVF-Upright.ttf.BjWn63N-.woff2 → 200 (?ms, -284B)
[2026-09-03T13:33:57.910Z] GET http://localhost:8501/_stcore/health → 200 (14ms, 2B)
[2026-09-03T13:33:57.910Z] GET http://localhost:8501/_stcore/host-config → 200 (15ms, 687B)
[2026-09-03T13:33:57.936Z] POST https://webhooks.fivetran.com/webhooks/615b5e5c-9fde-4c75-a034-f642dba74c1f → 200 (537ms, 156B)
[2026-09-03T13:33:57.936Z] POST https://webhooks.fivetran.com/webhooks/615b5e5c-9fde-4c75-a034-f642dba74c1f → 200 (537ms, 155B)
[2026-09-03T13:33:58.183Z] GET http://localhost:8501/static/js/rehype-raw.B2i_K4LC.js → 200 (92ms, 188596B)
[2026-09-03T13:33:58.183Z] GET http://localhost:8501/static/js/hastscript.HMW3Cnwp.js → 200 (73ms, 3072B)
[2026-09-03T13:33:58.184Z] GET http://localhost:8501/static/js/web-namespaces.BxZ_GhEx.js → 200 (72ms, 254B)
[2026-09-03T13:33:58.212Z] GET http://localhost:8501/static/media/MaterialSymbols-Rounded.Bc71WqoX.woff2 → 200 (106ms, 370392B)
[2026-09-03T13:33:58.228Z] GET http://localhost:8501/static/js/Button.DoQQTKTd.js → 200 (49ms, 1197B)
[2026-09-03T13:33:58.229Z] GET http://localhost:8501/static/js/iconPosition.DwITqWdC.js → 200 (48ms, 203B)
[2026-09-03T13:33:58.229Z] GET http://localhost:8501/static/js/Checkbox.-4urQUut.js → 200 (95ms, 2439B)
[2026-09-03T13:33:58.229Z] GET http://localhost:8501/static/js/WidgetLabelHelpIconInline.CxEaud35.js → 200 (95ms, 488B)
[2026-09-03T13:33:58.229Z] GET http://localhost:8501/static/js/styled-components.D_g2LX2o.js → 200 (71ms, 957B)
[2026-09-03T13:33:58.229Z] GET http://localhost:8501/static/js/useBasicWidgetState.ssY2f7Zy.js → 200 (96ms, 1721B)
[2026-09-03T13:33:58.253Z] GET http://localhost:8501/static/js/Radio.DIWLksx4.js → 200 (72ms, 10892B)
[2026-09-03T13:33:58.253Z] GET http://localhost:8501/static/js/useField.DDXsKsmK.js → 200 (95ms, 591B)
[2026-09-03T13:33:58.253Z] GET http://localhost:8501/static/js/WidgetLabel.Cr4ld6Ih.js → 200 (100ms, 497B)
[2026-09-03T13:33:58.297Z] GET http://localhost:8501/static/js/Metric.BEvnGqRJ.js → 200 (117ms, 8708B)
[2026-09-03T13:33:58.297Z] GET http://localhost:8501/static/js/formatNumber.DWpsWtVp.js → 200 (111ms, 1800B)
[2026-09-03T13:33:58.297Z] GET http://localhost:8501/static/js/numbro.DLZxPTzv.js → 200 (121ms, 38899B)
[2026-09-03T13:33:58.297Z] GET http://localhost:8501/static/js/sprintfjs.oBdTuAzT.js → 200 (122ms, 4012B)
[2026-09-03T13:33:58.298Z] GET http://localhost:8501/static/js/styled-components.CoebTwJg.js → 200 (124ms, 797754B)
[2026-09-03T13:33:58.298Z] GET http://localhost:8501/static/js/linear.6duwCeOq.js → 200 (121ms, 4823B)
[2026-09-03T13:33:58.298Z] GET http://localhost:8501/static/js/defaultLocale.CNPGWpMu.js → 200 (122ms, 4641B)
[2026-09-03T13:33:58.298Z] GET http://localhost:8501/static/js/init.ZlXS9mIS.js → 200 (122ms, 356B)
[2026-09-03T13:33:58.298Z] GET http://localhost:8501/static/js/string.2gFcx07-.js → 200 (124ms, 9176B)
[2026-09-03T13:33:58.298Z] GET http://localhost:8501/static/js/value.D6n4OHqi.js → 200 (124ms, 1106B)
[2026-09-03T13:33:58.298Z] GET http://localhost:8501/static/js/ordinal.BefGibR5.js → 200 (128ms, 1457B)
[2026-09-03T13:33:58.298Z] GET http://localhost:8501/static/js/time.BEzQW4ce.js → 200 (209ms, 17320B)
[2026-09-03T13:33:58.298Z] GET http://localhost:8501/static/js/range.EplFIxc7.js → 200 (205ms, 175B)
[2026-09-03T13:33:58.298Z] GET http://localhost:8501/static/js/path.C_SyPjZC.js → 200 (208ms, 2072B)
[2026-09-03T13:33:58.298Z] GET http://localhost:8501/static/js/timer.BMV81txb.js → 200 (205ms, 5222B)
[2026-09-03T13:33:58.298Z] GET http://localhost:8501/static/js/threshold.DoT4oT5R.js → 200 (208ms, 611B)
[2026-09-03T13:33:58.298Z] GET http://localhost:8501/static/js/colors.Cg5Vh3br.js → 200 (204ms, 109B)
[2026-09-03T13:33:58.298Z] GET http://localhost:8501/static/js/treemap.BfjIY-m6.js → 200 (250ms, 4847B)
[2026-09-03T13:33:58.299Z] GET http://localhost:8501/static/js/Selectbox.DTwsqAB2.js → 200 (210ms, 10767B)
[2026-09-03T13:33:58.299Z] GET http://localhost:8501/static/js/useMenuTrigger.ConNcCqP.js → 200 (249ms, 22984B)
[2026-09-03T13:33:58.299Z] GET http://localhost:8501/static/js/Autocomplete.kV4wwzw9.js → 200 (263ms, 204B)
[2026-09-03T13:33:58.299Z] GET http://localhost:8501/static/js/getItemCount.DByO3ocf.js → 200 (263ms, 6889B)
[2026-09-03T13:33:58.299Z] GET http://localhost:8501/static/js/useCollator.DSui77dA.js → 200 (262ms, 244B)
[2026-09-03T13:33:58.299Z] GET http://localhost:8501/static/js/Input.Bqq6kcs8.js → 200 (263ms, 1819B)
[2026-09-03T13:33:58.299Z] GET http://localhost:8501/static/js/fuzzyFilterSelectOptions.CnHvlggk.js → 200 (272ms, 72267B)
[2026-09-03T13:33:58.299Z] GET http://localhost:8501/static/js/sortBy.BN5z75-Y.js → 200 (295ms, 1257B)
[2026-09-03T13:33:58.299Z] GET http://localhost:8501/static/js/_baseMap.OhVc4KF-.js → 200 (297ms, 198B)
[2026-09-03T13:33:58.299Z] GET http://localhost:8501/static/js/useTextField.CS2ef5HH.js → 200 (299ms, 1934B)
[2026-09-03T13:33:58.299Z] GET http://localhost:8501/static/js/useFilter.BgPJUkJr.js → 200 (296ms, 762B)
[2026-09-03T13:33:58.299Z] GET http://localhost:8501/static/js/Cancel.esm.Dl28HDUU.js → 200 (298ms, 774B)
[2026-09-03T13:33:58.299Z] GET http://localhost:8501/static/js/WidgetLabelHelpIcon.DusqDQ1k.js → 200 (313ms, 628B)
[2026-09-03T13:33:58.343Z] GET http://localhost:8501/static/js/ChatInput.L9UJcRsg.js → 200 (302ms, 22811B)
[2026-09-03T13:33:58.344Z] GET http://localhost:8501/static/js/zip.DLtjLZjW.js → 200 (302ms, 113B)
[2026-09-03T13:33:58.344Z] GET http://localhost:8501/static/js/unzip.BaBcYNJz.js → 200 (302ms, 332B)
[2026-09-03T13:33:58.344Z] GET http://localhost:8501/static/js/utils.CZ73KiS-.js → 200 (302ms, 29307B)
[2026-09-03T13:33:58.344Z] GET http://localhost:8501/static/js/ErrorOutline.esm.CeVVFX3b.js → 200 (302ms, 647B)
[2026-09-03T13:33:58.344Z] GET http://localhost:8501/static/js/TableChart.esm.DjDV3Ii_.js → 200 (343ms, 669B)
[2026-09-03T13:33:58.344Z] GET http://localhost:8501/static/js/UploadFileInfo.WAP1L8Dh.js → pending (?ms, ?B)
[2026-09-03T13:33:58.344Z] GET http://localhost:8501/static/js/useWaveformController.ObVOT_wJ.js → pending (?ms, ?B)
[2026-09-03T13:33:58.344Z] GET http://localhost:8501/static/js/InputInstructions.BdRjLMGx.js → pending (?ms, ?B)
[2026-09-03T13:33:58.344Z] GET http://localhost:8501/static/js/useTextInputAutoExpand.DzgRRH2p.js → pending (?ms, ?B)
[2026-09-03T13:33:58.344Z] GET http://localhost:8501/static/js/inputUtils.CD44xxT-.js → pending (?ms, ?B)
[2026-09-03T13:33:58.677Z] GET http://localhost:8501/static/js/DataFrame.DFuN2fzS.js → pending (?ms, ?B)
[2026-09-03T13:33:58.677Z] GET http://localhost:8501/static/js/pandasStylerUtils.ByCgCsD7.js → pending (?ms, ?B)
[2026-09-03T13:33:58.677Z] GET http://localhost:8501/static/js/_baseIndexOf.CYLdY-L6.js → pending (?ms, ?B)
[2026-09-03T13:33:58.677Z] GET http://localhost:8501/static/js/_hasUnicode.Cp9Achgk.js → pending (?ms, ?B)
[2026-09-03T13:33:58.677Z] GET http://localhost:8501/static/js/range.DL19EGGd.js → pending (?ms, ?B)
[2026-09-03T13:33:58.677Z] GET http://localhost:8501/static/js/recordbatch.DqFeZyUe.js → pending (?ms, ?B)
[2026-09-03T13:33:58.677Z] GET http://localhost:8501/static/js/serialization.BdCe8Hfp.js → pending (?ms, ?B)
[2026-09-03T13:33:58.677Z] GET http://localhost:8501/static/js/moment.Ok9d1Jk7.js → pending (?ms, ?B)
[2026-09-03T13:33:58.677Z] GET http://localhost:8501/static/js/isEmpty.DjruDP6v.js → pending (?ms, ?B)
[2026-09-03T13:33:58.677Z] GET http://localhost:8501/static/js/Close.esm._Ze40yXT.js → pending (?ms, ?B)
[2026-09-03T13:33:58.677Z] GET http://localhost:8501/static/js/Delete.esm.DIjpY8ks.js → pending (?ms, ?B)
[2026-09-03T13:33:58.677Z] GET http://localhost:8501/static/js/FileDownload.esm.B01WmOa3.js → pending (?ms, ?B)
[2026-09-03T13:33:58.677Z] GET http://localhost:8501/static/js/_hasPath.CqcfJsQS.js → pending (?ms, ?B)
[2026-09-03T13:33:58.677Z] GET http://localhost:8501/static/js/_baseAssignValue.D4uIJS_Z.js → pending (?ms, ?B)
[2026-09-03T13:33:58.678Z] GET http://localhost:8501/static/js/withFullScreenWrapper.Cjjx8kEh.js → pending (?ms, ?B)
[2026-09-03T13:33:58.678Z] GET http://localhost:8501/static/js/click-outside-container.noHFLEXA.js → pending (?ms, ?B)
[2026-09-03T13:33:58.678Z] GET http://localhost:8501/static/js/dist.BJwnrtx5.js → pending (?ms, ?B)
[2026-09-03T13:33:58.678Z] GET http://localhost:8501/static/js/dist.M42-4E3x.js → pending (?ms, ?B)
[2026-09-03T13:33:58.678Z] GET http://localhost:8501/static/js/reactJsonViewCompat.ZSQC4eoO.js → pending (?ms, ?B)
[2026-09-03T13:33:58.678Z] GET http://localhost:8501/static/js/resolveDefaultExport.DJbX7TqQ.js → pending (?ms, ?B)
[2026-09-03T13:33:58.678Z] GET http://localhost:8501/static/js/formatMoment.CVxEWQ-Q.js → pending (?ms, ?B)
[2026-09-03T13:33:58.678Z] GET http://localhost:8501/static/js/createDownloadLinkElement.Dn1bNzvV.js → pending (?ms, ?B)
[2026-09-03T13:33:58.678Z] GET http://localhost:8501/static/css/DataFrame.DUkanX9_.css → pending (?ms, ?B)
[2026-09-03T13:33:58.678Z] GET http://localhost:8501/static/js/DownloadButton.DAEPMADz.js → pending (?ms, ?B)
[2026-09-03T13:33:58.771Z] POST https://webhooks.fivetran.com/webhooks/615b5e5c-9fde-4c75-a034-f642dba74c1f → 200 (257ms, 151B)
[2026-09-03T13:33:58.803Z] GET http://localhost:8501/static/js/wavesurfer.esm.BV61c4jR.js → 200 (207ms, 41334B)
[2026-09-03T13:33:58.803Z] GET http://localhost:8501/static/js/record.MREo2lrP.js → 200 (207ms, 7418B)
[2026-09-03T13:33:59.070Z] GET http://localhost:8501/media/2c3883c8e656770cb3202aa04f98ba83.json → 200 (2ms, 1987B)
[2026-09-03T13:35:28.846Z] POST https://webhooks.fivetran.com/webhooks/615b5e5c-9fde-4c75-a034-f642dba74c1f → 200 (575ms, 152B)
[2026-09-03T13:35:28.938Z] GET http://localhost:8501/media/2c3883c8e656770cb3202aa04f98ba83.json → 200 (4ms, 1987B)
[2026-09-03T13:35:28.946Z] POST https://webhooks.fivetran.com/webhooks/615b5e5c-9fde-4c75-a034-f642dba74c1f → 200 (371ms, 151B)
[2026-09-03T13:35:51.768Z] POST https://webhooks.fivetran.com/webhooks/615b5e5c-9fde-4c75-a034-f642dba74c1f → 200 (590ms, 155B)
[2026-09-03T13:35:51.851Z] GET http://localhost:8501/media/2c3883c8e656770cb3202aa04f98ba83.json → 200 (6ms, 1987B)
[2026-09-03T13:35:51.867Z] POST https://webhooks.fivetran.com/webhooks/615b5e5c-9fde-4c75-a034-f642dba74c1f → 200 (450ms, 150B)
[2026-09-03T13:38:14.961Z] GET http://localhost:8501/ → 200 (2ms, ?B)
[2026-09-03T13:38:14.979Z] GET http://localhost:8501/static/media/SourceSansVF-Upright.ttf.BsWL4Kly.woff2 → 200 (11ms, -285B)
[2026-09-03T13:38:14.991Z] GET http://localhost:8501/static/js/index.dZusM_HY.js → 200 (?ms, -297B)
[2026-09-03T13:38:14.991Z] GET http://localhost:8501/static/js/rolldown-runtime.C0FnF6B9.js → 200 (?ms, -295B)
[2026-09-03T13:38:14.991Z] GET http://localhost:8501/static/js/emotion-is-prop-valid.esm.CuYlOKOk.js → 200 (?ms, -296B)
[2026-09-03T13:38:14.991Z] GET http://localhost:8501/static/js/emotion-styled.browser.esm.BYv_Qzcq.js → 200 (?ms, -296B)
[2026-09-03T13:38:14.991Z] GET http://localhost:8501/static/js/loglevel.xXLtmX_e.js → 200 (?ms, -295B)
[2026-09-03T13:38:14.991Z] GET http://localhost:8501/static/js/react-dom.BzV73oHg.js → 200 (?ms, -297B)
[2026-09-03T13:38:14.991Z] GET http://localhost:8501/static/js/emotion-react.browser.esm.CnqdHrzD.js → 200 (?ms, -295B)
[2026-09-03T13:38:14.991Z] GET http://localhost:8501/static/js/protobuf.Ckf-kxfD.js → 200 (?ms, -297B)
[2026-09-03T13:38:14.992Z] GET http://localhost:8501/static/js/types.cZoyy9Y-.js → 200 (?ms, -293B)
[2026-09-03T13:38:14.992Z] GET http://localhost:8501/static/js/isSymbol.CmW3dkoN.js → 200 (?ms, -294B)
[2026-09-03T13:38:14.992Z] GET http://localhost:8501/static/js/isArrayLike.Crw2F5li.js → 200 (?ms, -294B)
[2026-09-03T13:38:14.992Z] GET http://localhost:8501/static/js/toString.tRXNBxtF.js → 200 (?ms, -294B)
[2026-09-03T13:38:14.992Z] GET http://localhost:8501/static/js/_isIterateeCall.BUStsXAd.js → 200 (?ms, -294B)
[2026-09-03T13:38:14.992Z] GET http://localhost:8501/static/js/isArrayLikeObject.B3Zf3PTL.js → 200 (?ms, -295B)
[2026-09-03T13:38:14.992Z] GET http://localhost:8501/static/js/_baseClone.Bcnb-YL-.js → 200 (?ms, -295B)
[2026-09-03T13:38:14.992Z] GET http://localhost:8501/static/js/merge.CV9itYNj.js → 200 (?ms, -295B)
[2026-09-03T13:38:14.992Z] GET http://localhost:8501/static/js/getColors.DtAxY2Hd.js → 200 (?ms, -296B)
[2026-09-03T13:38:14.992Z] GET http://localhost:8501/static/js/utils.Vs712G4Z.js → 200 (?ms, -296B)
[2026-09-03T13:38:14.992Z] GET http://localhost:8501/static/js/uri.UNMuXGg5.js → 200 (?ms, -294B)
[2026-09-03T13:38:14.992Z] GET http://localhost:8501/static/js/_baseFlatten.IOj0lc7G.js → 200 (3ms, -294B)
[2026-09-03T13:38:14.996Z] GET http://localhost:8501/static/js/last.DfjdtCRp.js → 200 (?ms, -294B)
[2026-09-03T13:38:14.996Z] GET http://localhost:8501/static/js/UriUtil.FYzIdBsL.js → 200 (?ms, -296B)
[2026-09-03T13:38:14.996Z] GET http://localhost:8501/static/js/useCrossOriginAttribute.K-ObP1Bx.js → 200 (?ms, -294B)
[2026-09-03T13:38:14.996Z] GET http://localhost:8501/static/js/useEmotionTheme.Dmt_qJ4x.js → 200 (?ms, -293B)
[2026-09-03T13:38:14.996Z] GET http://localhost:8501/static/js/useFloatingOverlay.Cpeg7fG2.js → 200 (?ms, -296B)
[2026-09-03T13:38:14.996Z] GET http://localhost:8501/static/js/Tooltip.CcubhKj6.js → 200 (?ms, -296B)
[2026-09-03T13:38:14.996Z] GET http://localhost:8501/static/js/lib.DaUKNU-6.js → 200 (?ms, -295B)
[2026-09-03T13:38:14.996Z] GET http://localhost:8501/static/js/lib.DuoFSfCJ.js → 200 (?ms, -295B)
[2026-09-03T13:38:14.996Z] GET http://localhost:8501/static/js/lib.CMmWlZtt.js → 200 (?ms, -295B)
[2026-09-03T13:38:14.996Z] GET http://localhost:8501/static/js/space-separated-tokens.BqhiSyze.js → 200 (?ms, -296B)
[2026-09-03T13:38:14.996Z] GET http://localhost:8501/static/js/ErrorElement.Bn6KKjq6.js → 200 (?ms, -295B)
[2026-09-03T13:38:14.996Z] GET http://localhost:8501/static/js/preload-helper.HclGiUj8.js → 200 (?ms, -295B)
[2026-09-03T13:38:14.996Z] GET http://localhost:8501/static/js/StreamlitMarkdown.BYA62LKI.js → 200 (?ms, -297B)
[2026-09-03T13:38:14.996Z] GET http://localhost:8501/static/js/_baseIsEqual.sdZCjgvS.js → 200 (?ms, -295B)
[2026-09-03T13:38:14.996Z] GET http://localhost:8501/static/js/_baseProperty.BV6HSwpm.js → 200 (1ms, -293B)
[2026-09-03T13:38:14.997Z] GET http://localhost:8501/static/js/_baseEach.PLhpSRgM.js → 200 (?ms, -295B)
[2026-09-03T13:38:14.997Z] GET http://localhost:8501/static/js/isEqual.CgNOpGTC.js → 200 (?ms, -293B)
[2026-09-03T13:38:14.997Z] GET http://localhost:8501/static/js/pick.CbtWtxHL.js → 200 (?ms, -294B)
[2026-09-03T13:38:14.997Z] GET http://localhost:8501/static/js/classnames.CRvvUuc_.js → 200 (?ms, -294B)
[2026-09-03T13:38:14.997Z] GET http://localhost:8501/static/js/utils.C5rmUD0V.js → 200 (?ms, -294B)
[2026-09-03T13:38:15.000Z] GET http://localhost:8501/static/js/FlexContext.CiIL1cCY.js → 200 (?ms, -294B)
[2026-09-03T13:38:15.001Z] GET http://localhost:8501/static/js/index.esm.BUFMYQEK.js → 200 (?ms, -295B)
[2026-09-03T13:38:15.001Z] GET http://localhost:8501/static/js/extends.To_WgASY.js → 200 (?ms, -294B)
[2026-09-03T13:38:15.001Z] GET http://localhost:8501/static/js/Close.esm.C9UX1nP9.js → 200 (?ms, -295B)
[2026-09-03T13:38:15.001Z] GET http://localhost:8501/static/js/Icon.BwNwD-ho.js → 200 (?ms, -295B)
[2026-09-03T13:38:15.001Z] GET http://localhost:8501/static/js/DynamicIcon.qdIiJ9dI.js → 200 (?ms, -295B)
[2026-09-03T13:38:15.001Z] GET http://localhost:8501/static/js/useFocusRing.DKgtHVTa.js → 200 (?ms, -295B)
[2026-09-03T13:38:15.002Z] GET http://localhost:8501/static/js/useDescription.D44v6Ed8.js → 200 (?ms, -295B)
[2026-09-03T13:38:15.002Z] GET http://localhost:8501/static/js/useFocusable.BMuUTJBc.js → 200 (?ms, -294B)
[2026-09-03T13:38:15.002Z] GET http://localhost:8501/static/js/Hidden.tKmNEkoU.js → 200 (?ms, -295B)
[2026-09-03T13:38:15.002Z] GET http://localhost:8501/static/js/shim.BbyJgaa_.js → 200 (?ms, -294B)
[2026-09-03T13:38:15.002Z] GET http://localhost:8501/static/js/textSelection.DgmAmjoW.js → 200 (?ms, -294B)
[2026-09-03T13:38:15.002Z] GET http://localhost:8501/static/js/usePress.efhlSQnF.js → 200 (?ms, -295B)
[2026-09-03T13:38:15.002Z] GET http://localhost:8501/static/js/FocusScope.iQ9jRcfz.js → 200 (?ms, -296B)
[2026-09-03T13:38:15.002Z] GET http://localhost:8501/static/js/useCollection.ChFCPfFU.js → 200 (?ms, -296B)
[2026-09-03T13:38:15.002Z] GET http://localhost:8501/static/js/useLabel.DizWobrd.js → 200 (?ms, -294B)
[2026-09-03T13:38:15.003Z] GET http://localhost:8501/static/js/getScrollParent.DcXPel1L.js → 200 (?ms, -295B)
[2026-09-03T13:38:15.003Z] GET http://localhost:8501/static/js/SharedElementTransition.D-H-TuM3.js → 200 (?ms, -295B)
[2026-09-03T13:38:15.003Z] GET http://localhost:8501/static/js/SelectionIndicator.Bj4Tikfi.js → 200 (?ms, -295B)
[2026-09-03T13:38:15.003Z] GET http://localhost:8501/static/js/NumberFormatter.CHYrjPj-.js → 200 (?ms, -295B)
[2026-09-03T13:38:15.003Z] GET http://localhost:8501/static/js/useNumberFormatter.C74S3dgX.js → 200 (?ms, -294B)
[2026-09-03T13:38:15.011Z] GET http://localhost:8501/static/js/ProgressBar.Dnq9p48R.js → 200 (?ms, -295B)
[2026-09-03T13:38:15.011Z] GET http://localhost:8501/static/js/Text.CLxOerZw.js → 200 (?ms, -294B)
[2026-09-03T13:38:15.011Z] GET http://localhost:8501/static/js/VisuallyHidden.BzpdCoAc.js → 200 (?ms, -294B)
[2026-09-03T13:38:15.011Z] GET http://localhost:8501/static/js/extends.CvVTau-c.js → 200 (?ms, -294B)
[2026-09-03T13:38:15.011Z] GET http://localhost:8501/static/js/KeyboardArrowDown.esm.CTwXU0Q8.js → 200 (?ms, -296B)
[2026-09-03T13:38:15.011Z] GET http://localhost:8501/static/js/useFormValidation.BcvRvPA1.js → 200 (?ms, -295B)
[2026-09-03T13:38:15.012Z] GET http://localhost:8501/static/js/useFormReset.Dm_0HjET.js → 200 (?ms, -294B)
[2026-09-03T13:38:15.012Z] GET http://localhost:8501/static/js/useSlot.BgZLzoY2.js → 200 (?ms, -294B)
[2026-09-03T13:38:15.012Z] GET http://localhost:8501/static/js/useToggleState.RbyUIfC3.js → 200 (?ms, -294B)
[2026-09-03T13:38:15.012Z] GET http://localhost:8501/static/js/styled-components.3il69GG_.js → 200 (?ms, -296B)
[2026-09-03T13:38:15.012Z] GET http://localhost:8501/static/js/toastQueue.CeWtco9l.js → 200 (?ms, -295B)
[2026-09-03T13:38:15.012Z] GET http://localhost:8501/static/js/styled-components.BjKbfR5p.js → 200 (?ms, -296B)
[2026-09-03T13:38:15.012Z] GET http://localhost:8501/static/js/BaseButton.eTlHCX_j.js → 200 (?ms, -295B)
[2026-09-03T13:38:15.012Z] GET http://localhost:8501/static/js/useExecuteWhenChanged.1O5Ch07q.js → 200 (?ms, -294B)
[2026-09-03T13:38:15.012Z] GET http://localhost:8501/static/js/FormClearHelper.G2WY61Ig.js → 200 (?ms, -294B)
[2026-09-03T13:38:15.012Z] GET http://localhost:8501/static/js/useWidgetManagerElementState.pqPEebW5.js → 200 (?ms, -294B)
[2026-09-03T13:38:15.012Z] GET http://localhost:8501/static/js/useTimeout.DgWF0Nme.js → 200 (?ms, -294B)
[2026-09-03T13:38:15.012Z] GET http://localhost:8501/static/js/constants.M-X9ULkd.js → 200 (?ms, -293B)
[2026-09-03T13:38:15.012Z] GET http://localhost:8501/static/js/BaseButtonTooltip.B83DZSNb.js → 200 (?ms, -294B)
[2026-09-03T13:38:15.012Z] GET http://localhost:8501/static/js/useLabelTitleTooltip.VS7apAPP.js → 200 (?ms, -294B)
[2026-09-03T13:38:15.012Z] GET http://localhost:8501/static/js/DynamicButtonLabel.BTjDBnmI.js → 200 (?ms, -296B)
[2026-09-03T13:38:15.016Z] GET http://localhost:8501/static/js/useResolvedWrap.DnjqnyWR.js → 200 (?ms, -294B)
[2026-09-03T13:38:15.016Z] GET http://localhost:8501/static/js/useResizeObserver.3kyCQ1g6.js → 200 (1ms, -295B)
[2026-09-03T13:38:15.017Z] GET http://localhost:8501/static/js/useCalculatedDimensions.DmyA6xJn.js → 200 (?ms, -294B)
[2026-09-03T13:38:15.017Z] GET http://localhost:8501/static/js/FormsContext.C6bVDc7u.js → 200 (?ms, -294B)
[2026-09-03T13:38:15.017Z] GET http://localhost:8501/static/js/AlertElement.jnyaBsKJ.js → 200 (?ms, -295B)
[2026-09-03T13:38:15.017Z] GET http://localhost:8501/static/js/useCopyToClipboard.C-ywP4Jl.js → 200 (?ms, -294B)
[2026-09-03T13:38:15.017Z] GET http://localhost:8501/static/js/katex.min.CvAXSeo_.js → 200 (?ms, -293B)
[2026-09-03T13:38:15.017Z] GET http://localhost:8501/static/js/useRequiredContext.DBsQavvD.js → 200 (?ms, -294B)
[2026-09-03T13:38:15.017Z] GET http://localhost:8501/static/js/ViewStateContext.BWrgx8uF.js → 200 (?ms, -294B)
[2026-09-03T13:38:15.017Z] GET http://localhost:8501/static/js/BackendOperationContext.BhY2-GLf.js → 200 (?ms, -294B)
[2026-09-03T13:38:15.017Z] GET http://localhost:8501/static/js/NavigationContext.4T7w2rIe.js → 200 (?ms, -294B)
[2026-09-03T13:38:15.017Z] GET http://localhost:8501/static/js/src.D7mXJKB_.js → 200 (?ms, -293B)
[2026-09-03T13:38:15.017Z] GET http://localhost:8501/static/js/styled-components.C8Nbdcp-.js → 200 (?ms, -294B)
[2026-09-03T13:38:15.017Z] GET http://localhost:8501/static/js/PortalContext.DiHTlKpY.js → 200 (?ms, -294B)
[2026-09-03T13:38:15.017Z] GET http://localhost:8501/static/js/Check.esm.tHOxRXBO.js → 200 (?ms, -294B)
[2026-09-03T13:38:15.017Z] GET http://localhost:8501/static/js/ContentCopy.esm.Ccfy7DwA.js → 200 (?ms, -294B)
[2026-09-03T13:38:15.018Z] GET http://localhost:8501/static/js/Toolbar.C5O8pUCg.js → 200 (?ms, -295B)
[2026-09-03T13:38:15.018Z] GET http://localhost:8501/static/js/CodeBlockCopyToolbar.B63lmxFm.js → 200 (?ms, -294B)
[2026-09-03T13:38:15.018Z] GET http://localhost:8501/static/js/isMobile.BrviDGEH.js → 200 (?ms, -296B)
[2026-09-03T13:38:15.018Z] GET http://localhost:8501/static/js/useWindowDimensionsContext.Bq7b7Xl1.js → 200 (?ms, -294B)
[2026-09-03T13:38:15.021Z] GET http://localhost:8501/static/js/v4.DDdyfk2q.js → 200 (?ms, -294B)
[2026-09-03T13:38:15.021Z] GET http://localhost:8501/static/js/useOverlayDismissal.Pckd1piy.js → 200 (?ms, -295B)
[2026-09-03T13:38:15.021Z] GET http://localhost:8501/static/js/useScrollbarGutterSize.Dz-mAUy7.js → 200 (?ms, -294B)
[2026-09-03T13:38:15.021Z] GET http://localhost:8501/static/js/ErrorHandling.H5STbbYb.js → 200 (?ms, -293B)
[2026-09-03T13:38:15.021Z] GET http://localhost:8501/static/js/ResizeObserver.es.B3NkmA6c.js → 200 (?ms, -295B)
[2026-09-03T13:38:15.022Z] GET http://localhost:8501/static/js/query-string.CE9hiqqO.js → 200 (?ms, -295B)
[2026-09-03T13:38:15.022Z] GET http://localhost:8501/static/js/lib.BQWveI8K.js → 200 (?ms, -296B)
[2026-09-03T13:38:15.022Z] GET http://localhost:8501/static/js/extends.SdklyJLW.js → 200 (?ms, -294B)
[2026-09-03T13:38:15.022Z] GET http://localhost:8501/static/css/katex.CAfVENUR.css → 200 (?ms, -297B)
[2026-09-03T13:38:15.022Z] GET http://localhost:8501/static/css/index.DHyCV7PK.css → 200 (?ms, -296B)
[2026-09-03T13:38:15.022Z] GET http://localhost:8501/static/media/SourceCodeVF-Upright.ttf.BjWn63N-.woff2 → 200 (1ms, -284B)
[2026-09-03T13:38:15.023Z] GET http://localhost:8501/static/media/MaterialSymbols-Rounded.Bc71WqoX.woff2 → 200 (?ms, -285B)
[2026-09-03T13:38:15.034Z] GET http://localhost:8501/_stcore/health → 200 (1ms, 2B)
[2026-09-03T13:38:15.034Z] GET http://localhost:8501/_stcore/host-config → 200 (1ms, 687B)
[2026-09-03T13:38:15.046Z] POST https://webhooks.fivetran.com/webhooks/615b5e5c-9fde-4c75-a034-f642dba74c1f → pending (?ms, ?B)
[2026-09-03T13:38:15.046Z] POST https://webhooks.fivetran.com/webhooks/615b5e5c-9fde-4c75-a034-f642dba74c1f → 200 (478ms, 154B)
[2026-09-03T13:38:15.096Z] GET http://localhost:8501/static/js/rehype-raw.B2i_K4LC.js → 200 (?ms, -297B)
[2026-09-03T13:38:15.097Z] GET http://localhost:8501/static/js/hastscript.HMW3Cnwp.js → 200 (?ms, -295B)
[2026-09-03T13:38:15.097Z] GET http://localhost:8501/static/js/web-namespaces.BxZ_GhEx.js → 200 (?ms, -294B)
[2026-09-03T13:38:15.153Z] GET http://localhost:8501/static/js/Button.DoQQTKTd.js → 200 (?ms, -295B)
[2026-09-03T13:38:15.154Z] GET http://localhost:8501/static/js/iconPosition.DwITqWdC.js → 200 (?ms, -294B)
[2026-09-03T13:38:15.159Z] GET http://localhost:8501/static/js/Checkbox.-4urQUut.js → 200 (?ms, -295B)
[2026-09-03T13:38:15.159Z] GET http://localhost:8501/static/js/WidgetLabelHelpIconInline.CxEaud35.js → 200 (?ms, -294B)
[2026-09-03T13:38:15.159Z] GET http://localhost:8501/static/js/styled-components.D_g2LX2o.js → 200 (?ms, -294B)
[2026-09-03T13:38:15.159Z] GET http://localhost:8501/static/js/useBasicWidgetState.ssY2f7Zy.js → 200 (1ms, -295B)
[2026-09-03T13:38:15.160Z] GET http://localhost:8501/static/js/Radio.DIWLksx4.js → 200 (?ms, -296B)
[2026-09-03T13:38:15.160Z] GET http://localhost:8501/static/js/useField.DDXsKsmK.js → 200 (?ms, -294B)
[2026-09-03T13:38:15.160Z] GET http://localhost:8501/static/js/WidgetLabel.Cr4ld6Ih.js → 200 (?ms, -294B)
[2026-09-03T13:38:15.297Z] GET http://localhost:8501/static/js/Metric.BEvnGqRJ.js → 200 (?ms, -295B)
[2026-09-03T13:38:15.300Z] GET http://localhost:8501/static/js/formatNumber.DWpsWtVp.js → 200 (?ms, -295B)
[2026-09-03T13:38:15.300Z] GET http://localhost:8501/static/js/numbro.DLZxPTzv.js → 200 (?ms, -296B)
[2026-09-03T13:38:15.300Z] GET http://localhost:8501/static/js/sprintfjs.oBdTuAzT.js → 200 (?ms, -295B)
[2026-09-03T13:38:15.300Z] GET http://localhost:8501/static/js/styled-components.CoebTwJg.js → 200 (?ms, -297B)
[2026-09-03T13:38:15.300Z] GET http://localhost:8501/static/js/linear.6duwCeOq.js → 200 (?ms, -295B)
[2026-09-03T13:38:15.300Z] GET http://localhost:8501/static/js/defaultLocale.CNPGWpMu.js → 200 (?ms, -295B)
[2026-09-03T13:38:15.300Z] GET http://localhost:8501/static/js/init.ZlXS9mIS.js → 200 (?ms, -294B)
[2026-09-03T13:38:15.300Z] GET http://localhost:8501/static/js/string.2gFcx07-.js → 200 (?ms, -295B)
[2026-09-03T13:38:15.300Z] GET http://localhost:8501/static/js/value.D6n4OHqi.js → 200 (1ms, -295B)
[2026-09-03T13:38:15.301Z] GET http://localhost:8501/static/js/ordinal.BefGibR5.js → 200 (?ms, -295B)
[2026-09-03T13:38:15.301Z] GET http://localhost:8501/static/js/time.BEzQW4ce.js → 200 (?ms, -296B)
[2026-09-03T13:38:15.301Z] GET http://localhost:8501/static/js/range.EplFIxc7.js → 200 (?ms, -294B)
[2026-09-03T13:38:15.301Z] GET http://localhost:8501/static/js/path.C_SyPjZC.js → 200 (?ms, -295B)
[2026-09-03T13:38:15.301Z] GET http://localhost:8501/static/js/timer.BMV81txb.js → 200 (?ms, -295B)
[2026-09-03T13:38:15.301Z] GET http://localhost:8501/static/js/threshold.DoT4oT5R.js → 200 (?ms, -294B)
[2026-09-03T13:38:15.301Z] GET http://localhost:8501/static/js/colors.Cg5Vh3br.js → 200 (?ms, -294B)
[2026-09-03T13:38:15.301Z] GET http://localhost:8501/static/js/treemap.BfjIY-m6.js → 200 (?ms, -295B)
[2026-09-03T13:38:15.301Z] GET http://localhost:8501/static/js/Selectbox.DTwsqAB2.js → 200 (?ms, -296B)
[2026-09-03T13:38:15.301Z] GET http://localhost:8501/static/js/useMenuTrigger.ConNcCqP.js → 200 (?ms, -296B)
[2026-09-03T13:38:15.305Z] GET http://localhost:8501/static/js/Autocomplete.kV4wwzw9.js → 200 (?ms, -294B)
[2026-09-03T13:38:15.305Z] GET http://localhost:8501/static/js/getItemCount.DByO3ocf.js → 200 (?ms, -295B)
[2026-09-03T13:38:15.305Z] GET http://localhost:8501/static/js/useCollator.DSui77dA.js → 200 (?ms, -294B)
[2026-09-03T13:38:15.305Z] GET http://localhost:8501/static/js/Input.Bqq6kcs8.js → 200 (?ms, -295B)
[2026-09-03T13:38:15.305Z] GET http://localhost:8501/static/js/fuzzyFilterSelectOptions.CnHvlggk.js → 200 (?ms, -296B)
[2026-09-03T13:38:15.305Z] GET http://localhost:8501/static/js/sortBy.BN5z75-Y.js → 200 (?ms, -295B)
[2026-09-03T13:38:15.305Z] GET http://localhost:8501/static/js/_baseMap.OhVc4KF-.js → 200 (?ms, -294B)
[2026-09-03T13:38:15.305Z] GET http://localhost:8501/static/js/useTextField.CS2ef5HH.js → 200 (?ms, -295B)
[2026-09-03T13:38:15.305Z] GET http://localhost:8501/static/js/useFilter.BgPJUkJr.js → 200 (?ms, -294B)
[2026-09-03T13:38:15.305Z] GET http://localhost:8501/static/js/Cancel.esm.Dl28HDUU.js → 200 (?ms, -294B)
[2026-09-03T13:38:15.305Z] GET http://localhost:8501/static/js/WidgetLabelHelpIcon.DusqDQ1k.js → 200 (?ms, -294B)
[2026-09-03T13:38:15.313Z] POST https://webhooks.fivetran.com/webhooks/615b5e5c-9fde-4c75-a034-f642dba74c1f → 200 (201ms, 154B)
[2026-09-03T13:38:15.359Z] GET http://localhost:8501/static/js/ChatInput.L9UJcRsg.js → 200 (?ms, -296B)
[2026-09-03T13:38:15.359Z] GET http://localhost:8501/static/js/zip.DLtjLZjW.js → 200 (?ms, -294B)
[2026-09-03T13:38:15.364Z] GET http://localhost:8501/static/js/unzip.BaBcYNJz.js → 200 (?ms, -294B)
[2026-09-03T13:38:15.364Z] GET http://localhost:8501/static/js/utils.CZ73KiS-.js → 200 (?ms, -296B)
[2026-09-03T13:38:15.364Z] GET http://localhost:8501/static/js/ErrorOutline.esm.CeVVFX3b.js → 200 (?ms, -294B)
[2026-09-03T13:38:15.364Z] GET http://localhost:8501/static/js/TableChart.esm.DjDV3Ii_.js → 200 (?ms, -294B)
[2026-09-03T13:38:15.364Z] GET http://localhost:8501/static/js/UploadFileInfo.WAP1L8Dh.js → 200 (?ms, -294B)
[2026-09-03T13:38:15.364Z] GET http://localhost:8501/static/js/useWaveformController.ObVOT_wJ.js → 200 (?ms, -296B)
[2026-09-03T13:38:15.364Z] GET http://localhost:8501/static/js/InputInstructions.BdRjLMGx.js → 200 (?ms, -295B)
[2026-09-03T13:38:15.364Z] GET http://localhost:8501/static/js/useTextInputAutoExpand.DzgRRH2p.js → 200 (?ms, -295B)
[2026-09-03T13:38:15.364Z] GET http://localhost:8501/static/js/inputUtils.CD44xxT-.js → 200 (1ms, -294B)
[2026-09-03T13:38:15.365Z] GET http://localhost:8501/static/js/DataFrame.DFuN2fzS.js → 200 (?ms, -297B)
[2026-09-03T13:38:15.365Z] GET http://localhost:8501/static/js/pandasStylerUtils.ByCgCsD7.js → 200 (?ms, -297B)
[2026-09-03T13:38:15.365Z] GET http://localhost:8501/static/js/_baseIndexOf.CYLdY-L6.js → 200 (?ms, -294B)
[2026-09-03T13:38:15.365Z] GET http://localhost:8501/static/js/_hasUnicode.Cp9Achgk.js → 200 (?ms, -294B)
[2026-09-03T13:38:15.365Z] GET http://localhost:8501/static/js/range.DL19EGGd.js → 200 (?ms, -294B)
[2026-09-03T13:38:15.365Z] GET http://localhost:8501/static/js/recordbatch.DqFeZyUe.js → 200 (?ms, -296B)
[2026-09-03T13:38:15.365Z] GET http://localhost:8501/static/js/serialization.BdCe8Hfp.js → 200 (?ms, -296B)
[2026-09-03T13:38:15.365Z] GET http://localhost:8501/static/js/moment.Ok9d1Jk7.js → 200 (?ms, -296B)
[2026-09-03T13:38:15.365Z] GET http://localhost:8501/static/js/isEmpty.DjruDP6v.js → 200 (?ms, -294B)
[2026-09-03T13:38:15.366Z] GET http://localhost:8501/static/js/Close.esm._Ze40yXT.js → 200 (?ms, -294B)
[2026-09-03T13:38:15.367Z] GET http://localhost:8501/static/js/Delete.esm.DIjpY8ks.js → 200 (?ms, -294B)
[2026-09-03T13:38:15.367Z] GET http://localhost:8501/static/js/FileDownload.esm.B01WmOa3.js → 200 (?ms, -294B)
[2026-09-03T13:38:15.367Z] GET http://localhost:8501/static/js/_hasPath.CqcfJsQS.js → 200 (?ms, -295B)
[2026-09-03T13:38:15.367Z] GET http://localhost:8501/static/js/_baseAssignValue.D4uIJS_Z.js → 200 (?ms, -296B)
[2026-09-03T13:38:15.367Z] GET http://localhost:8501/static/js/withFullScreenWrapper.Cjjx8kEh.js → 200 (?ms, -295B)
[2026-09-03T13:38:15.367Z] GET http://localhost:8501/static/js/click-outside-container.noHFLEXA.js → 200 (?ms, -296B)
[2026-09-03T13:38:15.367Z] GET http://localhost:8501/static/js/dist.BJwnrtx5.js → 200 (?ms, -295B)
[2026-09-03T13:38:15.367Z] GET http://localhost:8501/static/js/dist.M42-4E3x.js → 200 (?ms, -296B)
[2026-09-03T13:38:15.367Z] GET http://localhost:8501/static/js/reactJsonViewCompat.ZSQC4eoO.js → 200 (?ms, -297B)
[2026-09-03T13:38:15.367Z] GET http://localhost:8501/static/js/resolveDefaultExport.DJbX7TqQ.js → 200 (?ms, -294B)
[2026-09-03T13:38:15.367Z] GET http://localhost:8501/static/js/formatMoment.CVxEWQ-Q.js → 200 (?ms, -294B)
[2026-09-03T13:38:15.368Z] GET http://localhost:8501/static/js/createDownloadLinkElement.Dn1bNzvV.js → 200 (?ms, -294B)
[2026-09-03T13:38:15.368Z] GET http://localhost:8501/static/css/DataFrame.DUkanX9_.css → 200 (?ms, -297B)
[2026-09-03T13:38:15.368Z] GET http://localhost:8501/static/js/DownloadButton.DAEPMADz.js → 200 (?ms, -295B)
[2026-09-03T13:38:15.465Z] GET http://localhost:8501/media/12d2425ef844167ad0294c07c703af3e.json → 200 (3ms, 1986B)
[2026-09-03T13:38:15.489Z] GET http://localhost:8501/static/js/wavesurfer.esm.BV61c4jR.js → 200 (?ms, -296B)
[2026-09-03T13:38:15.489Z] GET http://localhost:8501/static/js/record.MREo2lrP.js → 200 (?ms, -295B)
[2026-09-03T13:38:46.674Z] POST https://webhooks.fivetran.com/webhooks/615b5e5c-9fde-4c75-a034-f642dba74c1f → pending (?ms, ?B)
[2026-09-03T13:38:46.764Z] POST https://webhooks.fivetran.com/webhooks/615b5e5c-9fde-4c75-a034-f642dba74c1f → 200 (375ms, 175B)
[2026-09-03T13:38:46.820Z] GET http://localhost:8501/media/12d2425ef844167ad0294c07c703af3e.json → 200 (1ms, 1986B)
[2026-09-03T13:39:12.388Z] POST https://webhooks.fivetran.com/webhooks/615b5e5c-9fde-4c75-a034-f642dba74c1f → pending (?ms, ?B)
[2026-09-03T13:39:12.493Z] GET http://localhost:8501/media/12d2425ef844167ad0294c07c703af3e.json → 200 (44ms, 1986B)
[2026-09-03T13:39:12.497Z] POST https://webhooks.fivetran.com/webhooks/615b5e5c-9fde-4c75-a034-f642dba74c1f → pending (?ms, ?B)
[2026-09-03T13:42:39.272Z] GET http://localhost:8501/ → 200 (2ms, ?B)
[2026-09-03T13:42:39.288Z] GET http://localhost:8501/static/media/SourceSansVF-Upright.ttf.BsWL4Kly.woff2 → 200 (?ms, -285B)
[2026-09-03T13:42:39.288Z] GET http://localhost:8501/static/js/index.dZusM_HY.js → 200 (?ms, -297B)
[2026-09-03T13:42:39.288Z] GET http://localhost:8501/static/js/rolldown-runtime.C0FnF6B9.js → 200 (6ms, -295B)
[2026-09-03T13:42:39.295Z] GET http://localhost:8501/static/js/emotion-is-prop-valid.esm.CuYlOKOk.js → 200 (?ms, -296B)
[2026-09-03T13:42:39.295Z] GET http://localhost:8501/static/js/emotion-styled.browser.esm.BYv_Qzcq.js → 200 (?ms, -296B)
[2026-09-03T13:42:39.295Z] GET http://localhost:8501/static/js/loglevel.xXLtmX_e.js → 200 (?ms, -295B)
[2026-09-03T13:42:39.295Z] GET http://localhost:8501/static/js/react-dom.BzV73oHg.js → 200 (?ms, -297B)
[2026-09-03T13:42:39.295Z] GET http://localhost:8501/static/js/emotion-react.browser.esm.CnqdHrzD.js → 200 (?ms, -295B)
[2026-09-03T13:42:39.295Z] GET http://localhost:8501/static/js/protobuf.Ckf-kxfD.js → 200 (?ms, -297B)
[2026-09-03T13:42:39.295Z] GET http://localhost:8501/static/js/types.cZoyy9Y-.js → 200 (?ms, -293B)
[2026-09-03T13:42:39.295Z] GET http://localhost:8501/static/js/isSymbol.CmW3dkoN.js → 200 (?ms, -294B)
[2026-09-03T13:42:39.295Z] GET http://localhost:8501/static/js/isArrayLike.Crw2F5li.js → 200 (?ms, -294B)
[2026-09-03T13:42:39.295Z] GET http://localhost:8501/static/js/toString.tRXNBxtF.js → 200 (?ms, -294B)
[2026-09-03T13:42:39.295Z] GET http://localhost:8501/static/js/_isIterateeCall.BUStsXAd.js → 200 (?ms, -294B)
[2026-09-03T13:42:39.296Z] GET http://localhost:8501/static/js/isArrayLikeObject.B3Zf3PTL.js → 200 (?ms, -295B)
[2026-09-03T13:42:39.296Z] GET http://localhost:8501/static/js/_baseClone.Bcnb-YL-.js → 200 (?ms, -295B)
[2026-09-03T13:42:39.296Z] GET http://localhost:8501/static/js/merge.CV9itYNj.js → 200 (?ms, -295B)
[2026-09-03T13:42:39.296Z] GET http://localhost:8501/static/js/getColors.DtAxY2Hd.js → 200 (?ms, -296B)
[2026-09-03T13:42:39.296Z] GET http://localhost:8501/static/js/utils.Vs712G4Z.js → 200 (?ms, -296B)
[2026-09-03T13:42:39.296Z] GET http://localhost:8501/static/js/uri.UNMuXGg5.js → 200 (?ms, -294B)
[2026-09-03T13:42:39.296Z] GET http://localhost:8501/static/js/_baseFlatten.IOj0lc7G.js → 200 (?ms, -294B)
[2026-09-03T13:42:39.296Z] GET http://localhost:8501/static/js/last.DfjdtCRp.js → 200 (?ms, -294B)
[2026-09-03T13:42:39.296Z] GET http://localhost:8501/static/js/UriUtil.FYzIdBsL.js → 200 (2ms, -296B)
[2026-09-03T13:42:39.298Z] GET http://localhost:8501/static/js/useCrossOriginAttribute.K-ObP1Bx.js → 200 (?ms, -294B)
[2026-09-03T13:42:39.298Z] GET http://localhost:8501/static/js/useEmotionTheme.Dmt_qJ4x.js → 200 (?ms, -293B)
[2026-09-03T13:42:39.298Z] GET http://localhost:8501/static/js/useFloatingOverlay.Cpeg7fG2.js → 200 (?ms, -296B)
[2026-09-03T13:42:39.298Z] GET http://localhost:8501/static/js/Tooltip.CcubhKj6.js → 200 (?ms, -296B)
[2026-09-03T13:42:39.298Z] GET http://localhost:8501/static/js/lib.DaUKNU-6.js → 200 (?ms, -295B)
[2026-09-03T13:42:39.298Z] GET http://localhost:8501/static/js/lib.DuoFSfCJ.js → 200 (?ms, -295B)
[2026-09-03T13:42:39.298Z] GET http://localhost:8501/static/js/lib.CMmWlZtt.js → 200 (?ms, -295B)
[2026-09-03T13:42:39.299Z] GET http://localhost:8501/static/js/space-separated-tokens.BqhiSyze.js → 200 (?ms, -296B)
[2026-09-03T13:42:39.299Z] GET http://localhost:8501/static/js/ErrorElement.Bn6KKjq6.js → 200 (?ms, -295B)
[2026-09-03T13:42:39.299Z] GET http://localhost:8501/static/js/preload-helper.HclGiUj8.js → 200 (?ms, -295B)
[2026-09-03T13:42:39.299Z] GET http://localhost:8501/static/js/StreamlitMarkdown.BYA62LKI.js → 200 (?ms, -297B)
[2026-09-03T13:42:39.299Z] GET http://localhost:8501/static/js/_baseIsEqual.sdZCjgvS.js → 200 (?ms, -295B)
[2026-09-03T13:42:39.299Z] GET http://localhost:8501/static/js/_baseProperty.BV6HSwpm.js → 200 (?ms, -293B)
[2026-09-03T13:42:39.299Z] GET http://localhost:8501/static/js/_baseEach.PLhpSRgM.js → 200 (?ms, -295B)
[2026-09-03T13:42:39.299Z] GET http://localhost:8501/static/js/isEqual.CgNOpGTC.js → 200 (?ms, -293B)
[2026-09-03T13:42:39.299Z] GET http://localhost:8501/static/js/pick.CbtWtxHL.js → 200 (?ms, -294B)
[2026-09-03T13:42:39.299Z] GET http://localhost:8501/static/js/classnames.CRvvUuc_.js → 200 (?ms, -294B)
[2026-09-03T13:42:39.299Z] GET http://localhost:8501/static/js/utils.C5rmUD0V.js → 200 (?ms, -294B)
[2026-09-03T13:42:39.299Z] GET http://localhost:8501/static/js/FlexContext.CiIL1cCY.js → 200 (?ms, -294B)
[2026-09-03T13:42:39.299Z] GET http://localhost:8501/static/js/index.esm.BUFMYQEK.js → 200 (5ms, -295B)
[2026-09-03T13:42:39.304Z] GET http://localhost:8501/static/js/extends.To_WgASY.js → 200 (?ms, -294B)
[2026-09-03T13:42:39.304Z] GET http://localhost:8501/static/js/Close.esm.C9UX1nP9.js → 200 (1ms, -295B)
[2026-09-03T13:42:39.305Z] GET http://localhost:8501/static/js/Icon.BwNwD-ho.js → 200 (?ms, -295B)
[2026-09-03T13:42:39.305Z] GET http://localhost:8501/static/js/DynamicIcon.qdIiJ9dI.js → 200 (?ms, -295B)
[2026-09-03T13:42:39.305Z] GET http://localhost:8501/static/js/useFocusRing.DKgtHVTa.js → 200 (?ms, -295B)
[2026-09-03T13:42:39.305Z] GET http://localhost:8501/static/js/useDescription.D44v6Ed8.js → 200 (?ms, -295B)
[2026-09-03T13:42:39.305Z] GET http://localhost:8501/static/js/useFocusable.BMuUTJBc.js → 200 (?ms, -294B)
[2026-09-03T13:42:39.305Z] GET http://localhost:8501/static/js/Hidden.tKmNEkoU.js → 200 (?ms, -295B)
[2026-09-03T13:42:39.305Z] GET http://localhost:8501/static/js/shim.BbyJgaa_.js → 200 (?ms, -294B)
[2026-09-03T13:42:39.305Z] GET http://localhost:8501/static/js/textSelection.DgmAmjoW.js → 200 (?ms, -294B)
[2026-09-03T13:42:39.305Z] GET http://localhost:8501/static/js/usePress.efhlSQnF.js → 200 (?ms, -295B)
[2026-09-03T13:42:39.305Z] GET http://localhost:8501/static/js/FocusScope.iQ9jRcfz.js → 200 (?ms, -296B)
[2026-09-03T13:42:39.305Z] GET http://localhost:8501/static/js/useCollection.ChFCPfFU.js → 200 (?ms, -296B)
[2026-09-03T13:42:39.306Z] GET http://localhost:8501/static/js/useLabel.DizWobrd.js → 200 (?ms, -294B)
[2026-09-03T13:42:39.306Z] GET http://localhost:8501/static/js/getScrollParent.DcXPel1L.js → 200 (?ms, -295B)
[2026-09-03T13:42:39.306Z] GET http://localhost:8501/static/js/SharedElementTransition.D-H-TuM3.js → 200 (?ms, -295B)
[2026-09-03T13:42:39.306Z] GET http://localhost:8501/static/js/SelectionIndicator.Bj4Tikfi.js → 200 (?ms, -295B)
[2026-09-03T13:42:39.306Z] GET http://localhost:8501/static/js/NumberFormatter.CHYrjPj-.js → 200 (?ms, -295B)
[2026-09-03T13:42:39.306Z] GET http://localhost:8501/static/js/useNumberFormatter.C74S3dgX.js → 200 (?ms, -294B)
[2026-09-03T13:42:39.306Z] GET http://localhost:8501/static/js/ProgressBar.Dnq9p48R.js → 200 (3ms, -295B)
[2026-09-03T13:42:39.309Z] GET http://localhost:8501/static/js/Text.CLxOerZw.js → 200 (?ms, -294B)
[2026-09-03T13:42:39.309Z] GET http://localhost:8501/static/js/VisuallyHidden.BzpdCoAc.js → 200 (?ms, -294B)
[2026-09-03T13:42:39.309Z] GET http://localhost:8501/static/js/extends.CvVTau-c.js → 200 (?ms, -294B)
[2026-09-03T13:42:39.309Z] GET http://localhost:8501/static/js/KeyboardArrowDown.esm.CTwXU0Q8.js → 200 (?ms, -296B)
[2026-09-03T13:42:39.309Z] GET http://localhost:8501/static/js/useFormValidation.BcvRvPA1.js → 200 (?ms, -295B)
[2026-09-03T13:42:39.309Z] GET http://localhost:8501/static/js/useFormReset.Dm_0HjET.js → 200 (?ms, -294B)
[2026-09-03T13:42:39.309Z] GET http://localhost:8501/static/js/useSlot.BgZLzoY2.js → 200 (?ms, -294B)
[2026-09-03T13:42:39.309Z] GET http://localhost:8501/static/js/useToggleState.RbyUIfC3.js → 200 (?ms, -294B)
[2026-09-03T13:42:39.309Z] GET http://localhost:8501/static/js/styled-components.3il69GG_.js → 200 (?ms, -296B)
[2026-09-03T13:42:39.309Z] GET http://localhost:8501/static/js/toastQueue.CeWtco9l.js → 200 (?ms, -295B)
[2026-09-03T13:42:39.309Z] GET http://localhost:8501/static/js/styled-components.BjKbfR5p.js → 200 (?ms, -296B)
[2026-09-03T13:42:39.310Z] GET http://localhost:8501/static/js/BaseButton.eTlHCX_j.js → 200 (?ms, -295B)
[2026-09-03T13:42:39.310Z] GET http://localhost:8501/static/js/useExecuteWhenChanged.1O5Ch07q.js → 200 (?ms, -294B)
[2026-09-03T13:42:39.310Z] GET http://localhost:8501/static/js/FormClearHelper.G2WY61Ig.js → 200 (?ms, -294B)
[2026-09-03T13:42:39.310Z] GET http://localhost:8501/static/js/useWidgetManagerElementState.pqPEebW5.js → 200 (?ms, -294B)
[2026-09-03T13:42:39.310Z] GET http://localhost:8501/static/js/useTimeout.DgWF0Nme.js → 200 (?ms, -294B)
[2026-09-03T13:42:39.310Z] GET http://localhost:8501/static/js/constants.M-X9ULkd.js → 200 (?ms, -293B)
[2026-09-03T13:42:39.310Z] GET http://localhost:8501/static/js/BaseButtonTooltip.B83DZSNb.js → 200 (?ms, -294B)
[2026-09-03T13:42:39.310Z] GET http://localhost:8501/static/js/useLabelTitleTooltip.VS7apAPP.js → 200 (?ms, -294B)
[2026-09-03T13:42:39.310Z] GET http://localhost:8501/static/js/DynamicButtonLabel.BTjDBnmI.js → 200 (4ms, -296B)
[2026-09-03T13:42:39.314Z] GET http://localhost:8501/static/js/useResolvedWrap.DnjqnyWR.js → 200 (?ms, -294B)
[2026-09-03T13:42:39.314Z] GET http://localhost:8501/static/js/useResizeObserver.3kyCQ1g6.js → 200 (?ms, -295B)
[2026-09-03T13:42:39.314Z] GET http://localhost:8501/static/js/useCalculatedDimensions.DmyA6xJn.js → 200 (?ms, -294B)
[2026-09-03T13:42:39.314Z] GET http://localhost:8501/static/js/FormsContext.C6bVDc7u.js → 200 (?ms, -294B)
[2026-09-03T13:42:39.314Z] GET http://localhost:8501/static/js/AlertElement.jnyaBsKJ.js → 200 (?ms, -295B)
[2026-09-03T13:42:39.314Z] GET http://localhost:8501/static/js/useCopyToClipboard.C-ywP4Jl.js → 200 (?ms, -294B)
[2026-09-03T13:42:39.314Z] GET http://localhost:8501/static/js/katex.min.CvAXSeo_.js → 200 (?ms, -293B)
[2026-09-03T13:42:39.314Z] GET http://localhost:8501/static/js/useRequiredContext.DBsQavvD.js → 200 (?ms, -294B)
[2026-09-03T13:42:39.315Z] GET http://localhost:8501/static/js/ViewStateContext.BWrgx8uF.js → 200 (?ms, -294B)
[2026-09-03T13:42:39.315Z] GET http://localhost:8501/static/js/BackendOperationContext.BhY2-GLf.js → 200 (?ms, -294B)
[2026-09-03T13:42:39.315Z] GET http://localhost:8501/static/js/NavigationContext.4T7w2rIe.js → 200 (?ms, -294B)
[2026-09-03T13:42:39.315Z] GET http://localhost:8501/static/js/src.D7mXJKB_.js → 200 (?ms, -293B)
[2026-09-03T13:42:39.315Z] GET http://localhost:8501/static/js/styled-components.C8Nbdcp-.js → 200 (?ms, -294B)
[2026-09-03T13:42:39.315Z] GET http://localhost:8501/static/js/PortalContext.DiHTlKpY.js → 200 (?ms, -294B)
[2026-09-03T13:42:39.315Z] GET http://localhost:8501/static/js/Check.esm.tHOxRXBO.js → 200 (?ms, -294B)
[2026-09-03T13:42:39.315Z] GET http://localhost:8501/static/js/ContentCopy.esm.Ccfy7DwA.js → 200 (?ms, -294B)
[2026-09-03T13:42:39.315Z] GET http://localhost:8501/static/js/Toolbar.C5O8pUCg.js → 200 (?ms, -295B)
[2026-09-03T13:42:39.315Z] GET http://localhost:8501/static/js/CodeBlockCopyToolbar.B63lmxFm.js → 200 (?ms, -294B)
[2026-09-03T13:42:39.315Z] GET http://localhost:8501/static/js/isMobile.BrviDGEH.js → 200 (?ms, -296B)
[2026-09-03T13:42:39.318Z] GET http://localhost:8501/static/js/useWindowDimensionsContext.Bq7b7Xl1.js → 200 (?ms, -294B)
[2026-09-03T13:42:39.318Z] GET http://localhost:8501/static/js/v4.DDdyfk2q.js → 200 (?ms, -294B)
[2026-09-03T13:42:39.318Z] GET http://localhost:8501/static/js/useOverlayDismissal.Pckd1piy.js → 200 (?ms, -295B)
[2026-09-03T13:42:39.318Z] GET http://localhost:8501/static/js/useScrollbarGutterSize.Dz-mAUy7.js → 200 (?ms, -294B)
[2026-09-03T13:42:39.318Z] GET http://localhost:8501/static/js/ErrorHandling.H5STbbYb.js → 200 (?ms, -293B)
[2026-09-03T13:42:39.318Z] GET http://localhost:8501/static/js/ResizeObserver.es.B3NkmA6c.js → 200 (?ms, -295B)
[2026-09-03T13:42:39.318Z] GET http://localhost:8501/static/js/query-string.CE9hiqqO.js → 200 (?ms, -295B)
[2026-09-03T13:42:39.318Z] GET http://localhost:8501/static/js/lib.BQWveI8K.js → 200 (?ms, -296B)
[2026-09-03T13:42:39.318Z] GET http://localhost:8501/static/js/extends.SdklyJLW.js → 200 (?ms, -294B)
[2026-09-03T13:42:39.318Z] GET http://localhost:8501/static/css/katex.CAfVENUR.css → 200 (?ms, -297B)
[2026-09-03T13:42:39.318Z] GET http://localhost:8501/static/css/index.DHyCV7PK.css → 200 (?ms, -296B)
[2026-09-03T13:42:39.319Z] GET http://localhost:8501/static/media/SourceCodeVF-Upright.ttf.BjWn63N-.woff2 → 200 (?ms, -284B)
[2026-09-03T13:42:39.319Z] GET http://localhost:8501/static/media/MaterialSymbols-Rounded.Bc71WqoX.woff2 → 200 (?ms, -285B)
[2026-09-03T13:42:39.333Z] GET http://localhost:8501/_stcore/health → 200 (7ms, 2B)
[2026-09-03T13:42:39.333Z] GET http://localhost:8501/_stcore/host-config → 200 (7ms, 687B)
[2026-09-03T13:42:39.356Z] POST https://webhooks.fivetran.com/webhooks/615b5e5c-9fde-4c75-a034-f642dba74c1f → pending (?ms, ?B)
[2026-09-03T13:42:39.356Z] POST https://webhooks.fivetran.com/webhooks/615b5e5c-9fde-4c75-a034-f642dba74c1f → pending (?ms, ?B)
[2026-09-03T13:42:39.398Z] GET http://localhost:8501/static/js/rehype-raw.B2i_K4LC.js → 200 (?ms, -297B)
[2026-09-03T13:42:39.398Z] GET http://localhost:8501/static/js/hastscript.HMW3Cnwp.js → 200 (?ms, -295B)
[2026-09-03T13:42:39.399Z] GET http://localhost:8501/static/js/web-namespaces.BxZ_GhEx.js → 200 (?ms, -294B)
[2026-09-03T13:42:39.443Z] GET http://localhost:8501/static/js/Button.DoQQTKTd.js → 200 (?ms, -295B)
[2026-09-03T13:42:39.444Z] GET http://localhost:8501/static/js/iconPosition.DwITqWdC.js → 200 (?ms, -294B)
[2026-09-03T13:42:39.444Z] GET http://localhost:8501/static/js/Checkbox.-4urQUut.js → 200 (1ms, -295B)
[2026-09-03T13:42:39.445Z] GET http://localhost:8501/static/js/WidgetLabelHelpIconInline.CxEaud35.js → 200 (?ms, -294B)
[2026-09-03T13:42:39.445Z] GET http://localhost:8501/static/js/styled-components.D_g2LX2o.js → 200 (?ms, -294B)
[2026-09-03T13:42:39.445Z] GET http://localhost:8501/static/js/useBasicWidgetState.ssY2f7Zy.js → 200 (?ms, -295B)
[2026-09-03T13:42:39.445Z] GET http://localhost:8501/static/js/Radio.DIWLksx4.js → 200 (?ms, -296B)
[2026-09-03T13:42:39.445Z] GET http://localhost:8501/static/js/useField.DDXsKsmK.js → 200 (?ms, -294B)
[2026-09-03T13:42:39.445Z] GET http://localhost:8501/static/js/WidgetLabel.Cr4ld6Ih.js → 200 (?ms, -294B)
[2026-09-03T13:42:39.458Z] GET http://localhost:8501/static/js/Metric.BEvnGqRJ.js → 200 (?ms, -295B)
[2026-09-03T13:42:39.460Z] GET http://localhost:8501/static/js/formatNumber.DWpsWtVp.js → 200 (?ms, -295B)
[2026-09-03T13:42:39.460Z] GET http://localhost:8501/static/js/numbro.DLZxPTzv.js → 200 (?ms, -296B)
[2026-09-03T13:42:39.460Z] GET http://localhost:8501/static/js/sprintfjs.oBdTuAzT.js → 200 (?ms, -295B)
[2026-09-03T13:42:39.460Z] GET http://localhost:8501/static/js/styled-components.CoebTwJg.js → 200 (?ms, -297B)
[2026-09-03T13:42:39.460Z] GET http://localhost:8501/static/js/linear.6duwCeOq.js → 200 (?ms, -295B)
[2026-09-03T13:42:39.460Z] GET http://localhost:8501/static/js/defaultLocale.CNPGWpMu.js → 200 (?ms, -295B)
[2026-09-03T13:42:39.460Z] GET http://localhost:8501/static/js/init.ZlXS9mIS.js → 200 (?ms, -294B)
[2026-09-03T13:42:39.460Z] GET http://localhost:8501/static/js/string.2gFcx07-.js → 200 (?ms, -295B)
[2026-09-03T13:42:39.461Z] GET http://localhost:8501/static/js/value.D6n4OHqi.js → 200 (?ms, -295B)
[2026-09-03T13:42:39.461Z] GET http://localhost:8501/static/js/ordinal.BefGibR5.js → 200 (?ms, -295B)
[2026-09-03T13:42:39.461Z] GET http://localhost:8501/static/js/time.BEzQW4ce.js → 200 (?ms, -296B)
[2026-09-03T13:42:39.461Z] GET http://localhost:8501/static/js/range.EplFIxc7.js → 200 (?ms, -294B)
[2026-09-03T13:42:39.461Z] GET http://localhost:8501/static/js/path.C_SyPjZC.js → 200 (?ms, -295B)
[2026-09-03T13:42:39.461Z] GET http://localhost:8501/static/js/timer.BMV81txb.js → 200 (?ms, -295B)
[2026-09-03T13:42:39.461Z] GET http://localhost:8501/static/js/threshold.DoT4oT5R.js → 200 (?ms, -294B)
[2026-09-03T13:42:39.461Z] GET http://localhost:8501/static/js/colors.Cg5Vh3br.js → 200 (?ms, -294B)
[2026-09-03T13:42:39.461Z] GET http://localhost:8501/static/js/treemap.BfjIY-m6.js → 200 (?ms, -295B)
[2026-09-03T13:42:39.470Z] GET http://localhost:8501/static/js/Selectbox.DTwsqAB2.js → 200 (1ms, -296B)
[2026-09-03T13:42:39.473Z] GET http://localhost:8501/static/js/useMenuTrigger.ConNcCqP.js → 200 (?ms, -296B)
[2026-09-03T13:42:39.473Z] GET http://localhost:8501/static/js/Autocomplete.kV4wwzw9.js → 200 (?ms, -294B)
[2026-09-03T13:42:39.473Z] GET http://localhost:8501/static/js/getItemCount.DByO3ocf.js → 200 (?ms, -295B)
[2026-09-03T13:42:39.473Z] GET http://localhost:8501/static/js/useCollator.DSui77dA.js → 200 (1ms, -294B)
[2026-09-03T13:42:39.474Z] GET http://localhost:8501/static/js/Input.Bqq6kcs8.js → 200 (?ms, -295B)
[2026-09-03T13:42:39.474Z] GET http://localhost:8501/static/js/fuzzyFilterSelectOptions.CnHvlggk.js → 200 (?ms, -296B)
[2026-09-03T13:42:39.474Z] GET http://localhost:8501/static/js/sortBy.BN5z75-Y.js → 200 (?ms, -295B)
[2026-09-03T13:42:39.474Z] GET http://localhost:8501/static/js/_baseMap.OhVc4KF-.js → 200 (?ms, -294B)
[2026-09-03T13:42:39.474Z] GET http://localhost:8501/static/js/useTextField.CS2ef5HH.js → 200 (?ms, -295B)
[2026-09-03T13:42:39.474Z] GET http://localhost:8501/static/js/useFilter.BgPJUkJr.js → 200 (?ms, -294B)
[2026-09-03T13:42:39.474Z] GET http://localhost:8501/static/js/Cancel.esm.Dl28HDUU.js → 200 (?ms, -294B)
[2026-09-03T13:42:39.474Z] GET http://localhost:8501/static/js/WidgetLabelHelpIcon.DusqDQ1k.js → 200 (1ms, -294B)
[2026-09-03T13:42:39.592Z] GET http://localhost:8501/static/js/ChatInput.L9UJcRsg.js → 200 (1ms, -296B)
[2026-09-03T13:42:39.593Z] GET http://localhost:8501/static/js/zip.DLtjLZjW.js → 200 (?ms, -294B)
[2026-09-03T13:42:39.593Z] GET http://localhost:8501/static/js/unzip.BaBcYNJz.js → 200 (?ms, -294B)
[2026-09-03T13:42:39.593Z] GET http://localhost:8501/static/js/utils.CZ73KiS-.js → 200 (1ms, -296B)
[2026-09-03T13:42:39.594Z] GET http://localhost:8501/static/js/ErrorOutline.esm.CeVVFX3b.js → 200 (?ms, -294B)
[2026-09-03T13:42:39.594Z] GET http://localhost:8501/static/js/TableChart.esm.DjDV3Ii_.js → 200 (?ms, -294B)
[2026-09-03T13:42:39.594Z] GET http://localhost:8501/static/js/UploadFileInfo.WAP1L8Dh.js → 200 (?ms, -294B)
[2026-09-03T13:42:39.594Z] GET http://localhost:8501/static/js/useWaveformController.ObVOT_wJ.js → 200 (?ms, -296B)
[2026-09-03T13:42:39.594Z] GET http://localhost:8501/static/js/InputInstructions.BdRjLMGx.js → 200 (?ms, -295B)
[2026-09-03T13:42:39.594Z] GET http://localhost:8501/static/js/useTextInputAutoExpand.DzgRRH2p.js → 200 (?ms, -295B)
[2026-09-03T13:42:39.594Z] GET http://localhost:8501/static/js/inputUtils.CD44xxT-.js → 200 (?ms, -294B)
[2026-09-03T13:42:39.595Z] POST https://webhooks.fivetran.com/webhooks/615b5e5c-9fde-4c75-a034-f642dba74c1f → pending (?ms, ?B)
[2026-09-03T13:42:39.632Z] GET http://localhost:8501/static/js/DataFrame.DFuN2fzS.js → 200 (?ms, -297B)
[2026-09-03T13:42:39.632Z] GET http://localhost:8501/static/js/pandasStylerUtils.ByCgCsD7.js → 200 (?ms, -297B)
[2026-09-03T13:42:39.632Z] GET http://localhost:8501/static/js/_baseIndexOf.CYLdY-L6.js → 200 (1ms, -294B)
[2026-09-03T13:42:39.633Z] GET http://localhost:8501/static/js/_hasUnicode.Cp9Achgk.js → 200 (?ms, -294B)
[2026-09-03T13:42:39.634Z] GET http://localhost:8501/static/js/range.DL19EGGd.js → 200 (?ms, -294B)
[2026-09-03T13:42:39.634Z] GET http://localhost:8501/static/js/recordbatch.DqFeZyUe.js → 200 (?ms, -296B)
[2026-09-03T13:42:39.634Z] GET http://localhost:8501/static/js/serialization.BdCe8Hfp.js → 200 (?ms, -296B)
[2026-09-03T13:42:39.634Z] GET http://localhost:8501/static/js/moment.Ok9d1Jk7.js → 200 (?ms, -296B)
[2026-09-03T13:42:39.634Z] GET http://localhost:8501/static/js/isEmpty.DjruDP6v.js → 200 (?ms, -294B)
[2026-09-03T13:42:39.634Z] GET http://localhost:8501/static/js/Close.esm._Ze40yXT.js → 200 (?ms, -294B)
[2026-09-03T13:42:39.634Z] GET http://localhost:8501/static/js/Delete.esm.DIjpY8ks.js → 200 (?ms, -294B)
[2026-09-03T13:42:39.634Z] GET http://localhost:8501/static/js/FileDownload.esm.B01WmOa3.js → 200 (?ms, -294B)
[2026-09-03T13:42:39.634Z] GET http://localhost:8501/static/js/_hasPath.CqcfJsQS.js → 200 (?ms, -295B)
[2026-09-03T13:42:39.634Z] GET http://localhost:8501/static/js/_baseAssignValue.D4uIJS_Z.js → 200 (?ms, -296B)
[2026-09-03T13:42:39.634Z] GET http://localhost:8501/static/js/withFullScreenWrapper.Cjjx8kEh.js → 200 (?ms, -295B)
[2026-09-03T13:42:39.634Z] GET http://localhost:8501/static/js/click-outside-container.noHFLEXA.js → 200 (?ms, -296B)
[2026-09-03T13:42:39.634Z] GET http://localhost:8501/static/js/dist.BJwnrtx5.js → 200 (?ms, -295B)
[2026-09-03T13:42:39.634Z] GET http://localhost:8501/static/js/dist.M42-4E3x.js → 200 (?ms, -296B)
[2026-09-03T13:42:39.634Z] GET http://localhost:8501/static/js/reactJsonViewCompat.ZSQC4eoO.js → 200 (1ms, -297B)
[2026-09-03T13:42:39.635Z] GET http://localhost:8501/static/js/resolveDefaultExport.DJbX7TqQ.js → 200 (?ms, -294B)
[2026-09-03T13:42:39.635Z] GET http://localhost:8501/static/js/formatMoment.CVxEWQ-Q.js → 200 (?ms, -294B)
[2026-09-03T13:42:39.637Z] GET http://localhost:8501/static/js/createDownloadLinkElement.Dn1bNzvV.js → 200 (?ms, -294B)
[2026-09-03T13:42:39.637Z] GET http://localhost:8501/static/css/DataFrame.DUkanX9_.css → 200 (?ms, -297B)
[2026-09-03T13:42:39.637Z] GET http://localhost:8501/static/js/DownloadButton.DAEPMADz.js → 200 (1ms, -295B)
[2026-09-03T13:42:39.641Z] GET http://localhost:8501/media/ab835ccf5a01a8cef6ba4e1cb2d9a91b.json → 200 (1ms, 2132B)
[2026-09-03T13:42:39.641Z] GET http://localhost:8501/static/js/wavesurfer.esm.BV61c4jR.js → 200 (?ms, -296B)
[2026-09-03T13:42:39.641Z] GET http://localhost:8501/static/js/record.MREo2lrP.js → 200 (?ms, -295B)
[2026-09-03T13:43:26.002Z] GET http://localhost:8501/_stcore/health → pending (?ms, ?B)
[2026-09-03T13:43:26.002Z] GET http://localhost:8501/_stcore/host-config → pending (?ms, ?B)
[2026-09-03T13:43:26.131Z] GET http://localhost:8501/_stcore/health → pending (?ms, ?B)
[2026-09-03T13:43:26.131Z] GET http://localhost:8501/_stcore/host-config → pending (?ms, ?B)
[2026-09-03T13:43:26.284Z] GET http://localhost:8501/_stcore/health → pending (?ms, ?B)
[2026-09-03T13:43:26.285Z] GET http://localhost:8501/_stcore/host-config → pending (?ms, ?B)
[2026-09-03T13:43:26.608Z] GET http://localhost:8501/_stcore/health → pending (?ms, ?B)
[2026-09-03T13:43:26.609Z] GET http://localhost:8501/_stcore/host-config → pending (?ms, ?B)
[2026-09-03T13:43:27.288Z] GET http://localhost:8501/_stcore/health → pending (?ms, ?B)
[2026-09-03T13:43:27.288Z] GET http://localhost:8501/_stcore/host-config → pending (?ms, ?B)
[2026-09-03T13:43:28.690Z] GET http://localhost:8501/_stcore/health → pending (?ms, ?B)
[2026-09-03T13:43:28.690Z] GET http://localhost:8501/_stcore/host-config → pending (?ms, ?B)
[2026-09-03T13:43:31.442Z] GET http://localhost:8501/_stcore/health → pending (?ms, ?B)
[2026-09-03T13:43:31.442Z] GET http://localhost:8501/_stcore/host-config → pending (?ms, ?B)
[2026-09-03T13:43:34.648Z] GET http://localhost:8501/_stcore/health → pending (?ms, ?B)
[2026-09-03T13:43:34.648Z] GET http://localhost:8501/_stcore/host-config → pending (?ms, ?B)
[2026-09-03T13:43:38.124Z] GET http://localhost:8501/_stcore/health → pending (?ms, ?B)
[2026-09-03T13:43:38.124Z] GET http://localhost:8501/_stcore/host-config → pending (?ms, ?B)
[2026-09-03T13:43:41.639Z] GET http://localhost:8501/_stcore/health → pending (?ms, ?B)
[2026-09-03T13:43:41.641Z] GET http://localhost:8501/_stcore/host-config → pending (?ms, ?B)
[2026-09-03T13:43:44.543Z] GET http://localhost:8501/_stcore/health → pending (?ms, ?B)
[2026-09-03T13:43:44.543Z] GET http://localhost:8501/_stcore/host-config → pending (?ms, ?B)
[2026-09-03T13:43:47.661Z] GET http://localhost:8501/_stcore/health → pending (?ms, ?B)
[2026-09-03T13:43:47.662Z] GET http://localhost:8501/_stcore/host-config → pending (?ms, ?B)
[2026-09-03T13:43:51.383Z] GET http://localhost:8501/_stcore/health → pending (?ms, ?B)
[2026-09-03T13:43:51.383Z] GET http://localhost:8501/_stcore/host-config → pending (?ms, ?B)
[2026-09-03T13:43:54.612Z] GET http://localhost:8501/_stcore/health → pending (?ms, ?B)
[2026-09-03T13:43:54.612Z] GET http://localhost:8501/_stcore/host-config → pending (?ms, ?B)
[2026-09-03T13:43:58.498Z] GET http://localhost:8501/_stcore/health → pending (?ms, ?B)
[2026-09-03T13:43:58.498Z] GET http://localhost:8501/_stcore/host-config → pending (?ms, ?B)
[2026-09-03T13:44:01.628Z] GET http://localhost:8501/_stcore/health → pending (?ms, ?B)
[2026-09-03T13:44:01.628Z] GET http://localhost:8501/_stcore/host-config → pending (?ms, ?B)
[2026-09-03T13:44:04.962Z] GET http://localhost:8501/_stcore/health → 200 (4ms, 2B)
[2026-09-03T13:44:04.962Z] GET http://localhost:8501/_stcore/host-config → 200 (4ms, 687B)
